Archive member included to satisfy reference by file (symbol)

/home/szymon/eclipse/plugins/fr.ac6.mcu.externaltools.arm-none.linux64_1.13.1.201703061524/tools/compiler/bin/../lib/gcc/arm-none-eabi/5.4.1/armv7-m/libgcc.a(_arm_addsubsf3.o)
                              Src/main.o (__aeabi_fsub)
/home/szymon/eclipse/plugins/fr.ac6.mcu.externaltools.arm-none.linux64_1.13.1.201703061524/tools/compiler/bin/../lib/gcc/arm-none-eabi/5.4.1/armv7-m/libgcc.a(_arm_muldivsf3.o)
                              Src/LTC2983.o (__aeabi_fmul)
/home/szymon/eclipse/plugins/fr.ac6.mcu.externaltools.arm-none.linux64_1.13.1.201703061524/tools/compiler/bin/../lib/gcc/arm-none-eabi/5.4.1/armv7-m/libgcc.a(_arm_cmpsf2.o)
                              Src/main.o (__aeabi_fcmplt)
/home/szymon/eclipse/plugins/fr.ac6.mcu.externaltools.arm-none.linux64_1.13.1.201703061524/tools/compiler/bin/../lib/gcc/arm-none-eabi/5.4.1/armv7-m/libgcc.a(_arm_fixsfsi.o)
                              Src/main.o (__aeabi_f2iz)
/home/szymon/eclipse/plugins/fr.ac6.mcu.externaltools.arm-none.linux64_1.13.1.201703061524/tools/compiler/bin/../lib/gcc/arm-none-eabi/5.4.1/armv7-m/libgcc.a(_arm_fixunssfsi.o)
                              Src/main.o (__aeabi_f2uiz)
/home/szymon/eclipse/plugins/fr.ac6.mcu.externaltools.arm-none.linux64_1.13.1.201703061524/tools/compiler/bin/../lib/gcc/arm-none-eabi/5.4.1/../../../../arm-none-eabi/lib/armv7-m/libc_nano.a(lib_a-exit.o)
                              /home/szymon/eclipse/plugins/fr.ac6.mcu.externaltools.arm-none.linux64_1.13.1.201703061524/tools/compiler/bin/../lib/gcc/arm-none-eabi/5.4.1/../../../../arm-none-eabi/lib/armv7-m/crt0.o (exit)
/home/szymon/eclipse/plugins/fr.ac6.mcu.externaltools.arm-none.linux64_1.13.1.201703061524/tools/compiler/bin/../lib/gcc/arm-none-eabi/5.4.1/../../../../arm-none-eabi/lib/armv7-m/libc_nano.a(lib_a-impure.o)
                              /home/szymon/eclipse/plugins/fr.ac6.mcu.externaltools.arm-none.linux64_1.13.1.201703061524/tools/compiler/bin/../lib/gcc/arm-none-eabi/5.4.1/../../../../arm-none-eabi/lib/armv7-m/libc_nano.a(lib_a-exit.o) (_global_impure_ptr)
/home/szymon/eclipse/plugins/fr.ac6.mcu.externaltools.arm-none.linux64_1.13.1.201703061524/tools/compiler/bin/../lib/gcc/arm-none-eabi/5.4.1/../../../../arm-none-eabi/lib/armv7-m/libc_nano.a(lib_a-init.o)
                              /home/szymon/eclipse/plugins/fr.ac6.mcu.externaltools.arm-none.linux64_1.13.1.201703061524/tools/compiler/bin/../lib/gcc/arm-none-eabi/5.4.1/../../../../arm-none-eabi/lib/armv7-m/crt0.o (__libc_init_array)
/home/szymon/eclipse/plugins/fr.ac6.mcu.externaltools.arm-none.linux64_1.13.1.201703061524/tools/compiler/bin/../lib/gcc/arm-none-eabi/5.4.1/../../../../arm-none-eabi/lib/armv7-m/libc_nano.a(lib_a-memcpy-stub.o)
                              Middlewares/Third_Party/FreeRTOS/Source/queue.o (memcpy)
/home/szymon/eclipse/plugins/fr.ac6.mcu.externaltools.arm-none.linux64_1.13.1.201703061524/tools/compiler/bin/../lib/gcc/arm-none-eabi/5.4.1/../../../../arm-none-eabi/lib/armv7-m/libc_nano.a(lib_a-memset.o)
                              /home/szymon/eclipse/plugins/fr.ac6.mcu.externaltools.arm-none.linux64_1.13.1.201703061524/tools/compiler/bin/../lib/gcc/arm-none-eabi/5.4.1/../../../../arm-none-eabi/lib/armv7-m/crt0.o (memset)
/home/szymon/eclipse/plugins/fr.ac6.mcu.externaltools.arm-none.linux64_1.13.1.201703061524/tools/compiler/bin/../lib/gcc/arm-none-eabi/5.4.1/../../../../arm-none-eabi/lib/armv7-m/libc_nano.a(lib_a-sprintf.o)
                              Src/main.o (sprintf)
/home/szymon/eclipse/plugins/fr.ac6.mcu.externaltools.arm-none.linux64_1.13.1.201703061524/tools/compiler/bin/../lib/gcc/arm-none-eabi/5.4.1/../../../../arm-none-eabi/lib/armv7-m/libc_nano.a(lib_a-nano-svfprintf.o)
                              /home/szymon/eclipse/plugins/fr.ac6.mcu.externaltools.arm-none.linux64_1.13.1.201703061524/tools/compiler/bin/../lib/gcc/arm-none-eabi/5.4.1/../../../../arm-none-eabi/lib/armv7-m/libc_nano.a(lib_a-sprintf.o) (_svfprintf_r)
/home/szymon/eclipse/plugins/fr.ac6.mcu.externaltools.arm-none.linux64_1.13.1.201703061524/tools/compiler/bin/../lib/gcc/arm-none-eabi/5.4.1/../../../../arm-none-eabi/lib/armv7-m/libc_nano.a(lib_a-nano-vfprintf_i.o)
                              /home/szymon/eclipse/plugins/fr.ac6.mcu.externaltools.arm-none.linux64_1.13.1.201703061524/tools/compiler/bin/../lib/gcc/arm-none-eabi/5.4.1/../../../../arm-none-eabi/lib/armv7-m/libc_nano.a(lib_a-nano-svfprintf.o) (_printf_i)
/home/szymon/eclipse/plugins/fr.ac6.mcu.externaltools.arm-none.linux64_1.13.1.201703061524/tools/compiler/bin/../lib/gcc/arm-none-eabi/5.4.1/../../../../arm-none-eabi/lib/armv7-m/libc_nano.a(lib_a-memchr-stub.o)
                              /home/szymon/eclipse/plugins/fr.ac6.mcu.externaltools.arm-none.linux64_1.13.1.201703061524/tools/compiler/bin/../lib/gcc/arm-none-eabi/5.4.1/../../../../arm-none-eabi/lib/armv7-m/libc_nano.a(lib_a-nano-svfprintf.o) (memchr)
[...]
Memory Configuration

Name             Origin             Length             Attributes
RAM              0x20000000         0x0000c000         xrw
FLASH            0x08000000         0x00060000         xr
*default*        0x00000000         0xffffffff

Linker script and memory map

LOAD /home/szymon/eclipse/plugins/fr.ac6.mcu.externaltools.arm-none.linux64_1.13.1.201703061524/tools/compiler/bin/../lib/gcc/arm-none-eabi/5.4.1/armv7-m/crti.o
LOAD /home/szymon/eclipse/plugins/fr.ac6.mcu.externaltools.arm-none.linux64_1.13.1.201703061524/tools/compiler/bin/../lib/gcc/arm-none-eabi/5.4.1/armv7-m/crtbegin.o
LOAD /home/szymon/eclipse/plugins/fr.ac6.mcu.externaltools.arm-none.linux64_1.13.1.201703061524/tools/compiler/bin/../lib/gcc/arm-none-eabi/5.4.1/../../../../arm-none-eabi/lib/armv7-m/crt0.o
LOAD /home/szymon/eclipse/plugins/fr.ac6.mcu.externaltools.arm-none.linux64_1.13.1.201703061524/tools/compiler/bin/../lib/gcc/arm-none-eabi/5.4.1/../../../../arm-none-eabi/lib/armv7-m/libm.a
LOAD startup/startup_stm32l151xd.o
LOAD Src/LTC2983.o
LOAD Src/bsp_driver_sd.o
LOAD Src/fatfs.o
LOAD Src/freertos.o
LOAD Src/main.o
LOAD Src/stm32l1xx_hal_msp.o
LOAD Src/stm32l1xx_hal_timebase_TIM.o
LOAD Src/stm32l1xx_it.o
LOAD Src/system_stm32l1xx.o
LOAD Middlewares/Third_Party/FreeRTOS/Source/croutine.o
LOAD Middlewares/Third_Party/FreeRTOS/Source/event_groups.o
LOAD Middlewares/Third_Party/FreeRTOS/Source/list.o
LOAD Middlewares/Third_Party/FreeRTOS/Source/queue.o
LOAD Middlewares/Third_Party/FreeRTOS/Source/tasks.o
LOAD Middlewares/Third_Party/FreeRTOS/Source/timers.o
LOAD Middlewares/Third_Party/FreeRTOS/Source/portable/MemMang/heap_4.o
LOAD Middlewares/Third_Party/FreeRTOS/Source/portable/GCC/ARM_CM3/port.o
LOAD Middlewares/Third_Party/FreeRTOS/Source/CMSIS_RTOS/cmsis_os.o
LOAD Middlewares/Third_Party/FatFs/src/option/syscall.o
LOAD Middlewares/Third_Party/FatFs/src/diskio.o
LOAD Middlewares/Third_Party/FatFs/src/ff.o
LOAD Middlewares/Third_Party/FatFs/src/ff_gen_drv.o
LOAD Middlewares/Third_Party/FatFs/src/drivers/sd_diskio.o
LOAD Drivers/STM32L1xx_HAL_Driver/Src/stm32l1xx_hal.o
LOAD Drivers/STM32L1xx_HAL_Driver/Src/stm32l1xx_hal_adc.o
LOAD Drivers/STM32L1xx_HAL_Driver/Src/stm32l1xx_hal_adc_ex.o
LOAD Drivers/STM32L1xx_HAL_Driver/Src/stm32l1xx_hal_cortex.o
LOAD Drivers/STM32L1xx_HAL_Driver/Src/stm32l1xx_hal_dma.o
LOAD Drivers/STM32L1xx_HAL_Driver/Src/stm32l1xx_hal_flash.o
LOAD Drivers/STM32L1xx_HAL_Driver/Src/stm32l1xx_hal_flash_ex.o
LOAD Drivers/STM32L1xx_HAL_Driver/Src/stm32l1xx_hal_flash_ramfunc.o
LOAD Drivers/STM32L1xx_HAL_Driver/Src/stm32l1xx_hal_gpio.o
LOAD Drivers/STM32L1xx_HAL_Driver/Src/stm32l1xx_hal_i2c.o
LOAD Drivers/STM32L1xx_HAL_Driver/Src/stm32l1xx_hal_pwr.o
LOAD Drivers/STM32L1xx_HAL_Driver/Src/stm32l1xx_hal_pwr_ex.o
LOAD Drivers/STM32L1xx_HAL_Driver/Src/stm32l1xx_hal_rcc.o
LOAD Drivers/STM32L1xx_HAL_Driver/Src/stm32l1xx_hal_rcc_ex.o
LOAD Drivers/STM32L1xx_HAL_Driver/Src/stm32l1xx_hal_sd.o
LOAD Drivers/STM32L1xx_HAL_Driver/Src/stm32l1xx_hal_spi.o
LOAD Drivers/STM32L1xx_HAL_Driver/Src/stm32l1xx_hal_spi_ex.o
LOAD Drivers/STM32L1xx_HAL_Driver/Src/stm32l1xx_hal_tim.o
LOAD Drivers/STM32L1xx_HAL_Driver/Src/stm32l1xx_hal_tim_ex.o
LOAD Drivers/STM32L1xx_HAL_Driver/Src/stm32l1xx_hal_uart.o
LOAD Drivers/STM32L1xx_HAL_Driver/Src/stm32l1xx_ll_sdmmc.o
START GROUP
LOAD /home/szymon/eclipse/plugins/fr.ac6.mcu.externaltools.arm-none.linux64_1.13.1.201703061524/tools/compiler/bin/../lib/gcc/arm-none-eabi/5.4.1/armv7-m/libgcc.a
LOAD /home/szymon/eclipse/plugins/fr.ac6.mcu.externaltools.arm-none.linux64_1.13.1.201703061524/tools/compiler/bin/../lib/gcc/arm-none-eabi/5.4.1/../../../../arm-none-eabi/lib/armv7-m/libc_nano.a
END GROUP
START GROUP
LOAD /home/szymon/eclipse/plugins/fr.ac6.mcu.externaltools.arm-none.linux64_1.13.1.201703061524/tools/compiler/bin/../lib/gcc/arm-none-eabi/5.4.1/armv7-m/libgcc.a
LOAD /home/szymon/eclipse/plugins/fr.ac6.mcu.externaltools.arm-none.linux64_1.13.1.201703061524/tools/compiler/bin/../lib/gcc/arm-none-eabi/5.4.1/../../../../arm-none-eabi/lib/armv7-m/libc_nano.a
LOAD /home/szymon/eclipse/plugins/fr.ac6.mcu.externaltools.arm-none.linux64_1.13.1.201703061524/tools/compiler/bin/../lib/gcc/arm-none-eabi/5.4.1/../../../../arm-none-eabi/lib/armv7-m/libnosys.a
END GROUP
START GROUP
LOAD /home/szymon/eclipse/plugins/fr.ac6.mcu.externaltools.arm-none.linux64_1.13.1.201703061524/tools/compiler/bin/../lib/gcc/arm-none-eabi/5.4.1/armv7-m/libgcc.a
LOAD /home/szymon/eclipse/plugins/fr.ac6.mcu.externaltools.arm-none.linux64_1.13.1.201703061524/tools/compiler/bin/../lib/gcc/arm-none-eabi/5.4.1/../../../../arm-none-eabi/lib/armv7-m/libc_nano.a
LOAD /home/szymon/eclipse/plugins/fr.ac6.mcu.externaltools.arm-none.linux64_1.13.1.201703061524/tools/compiler/bin/../lib/gcc/arm-none-eabi/5.4.1/../../../../arm-none-eabi/lib/armv7-m/libnosys.a
END GROUP
LOAD /home/szymon/eclipse/plugins/fr.ac6.mcu.externaltools.arm-none.linux64_1.13.1.201703061524/tools/compiler/bin/../lib/gcc/arm-none-eabi/5.4.1/armv7-m/crtend.o
LOAD /home/szymon/eclipse/plugins/fr.ac6.mcu.externaltools.arm-none.linux64_1.13.1.201703061524/tools/compiler/bin/../lib/gcc/arm-none-eabi/5.4.1/armv7-m/crtn.o
                0x2000c000                _estack = 0x2000c000
                0x00000400                _Min_Heap_Size = 0x400
                0x00000800                _Min_Stack_Size = 0x800

.isr_vector     0x08000000      0x13c
                0x08000000                . = ALIGN (0x4)
 *(.isr_vector)
 .isr_vector    0x08000000      0x13c startup/startup_stm32l151xd.o
                0x08000000                g_pfnVectors
                0x0800013c                . = ALIGN (0x4)

.text           0x08000140     0x8794
                0x08000140                . = ALIGN (0x4)
 *(.text)
 .text          0x08000140       0x5c /home/szymon/eclipse/plugins/fr.ac6.mcu.externaltools.arm-none.linux64_1.13.1.201703061524/tools/compiler/bin/../lib/gcc/arm-none-eabi/5.4.1/armv7-m/crtbegin.o
 .text          0x0800019c      0x21c /home/szymon/eclipse/plugins/fr.ac6.mcu.externaltools.arm-none.linux64_1.13.1.201703061524/tools/compiler/bin/../lib/gcc/arm-none-eabi/5.4.1/armv7-m/libgcc.a(_arm_addsubsf3.o)
                0x0800019c                __aeabi_frsub
                0x080001a4                __subsf3
                0x080001a4                __aeabi_fsub
                0x080001a8                __aeabi_fadd
                0x080001a8                __addsf3
                0x08000308                __aeabi_ui2f
                0x08000308                __floatunsisf
                0x08000310                __aeabi_i2f
                0x08000310                __floatsisf
                0x0800032c                __floatundisf
                0x0800032c                __aeabi_ul2f
                0x0800033c                __floatdisf
                0x0800033c                __aeabi_l2f
 .text          0x080003b8      0x2a0 /home/szymon/eclipse/plugins/fr.ac6.mcu.externaltools.arm-none.linux64_1.13.1.201703061524/tools/compiler/bin/../lib/gcc/arm-none-eabi/5.4.1/armv7-m/libgcc.a(_arm_muldivsf3.o)
                0x080003b8                __mulsf3
                0x080003b8                __aeabi_fmul
                0x08000520                __divsf3
                0x08000520                __aeabi_fdiv
 .text          0x08000658       0xec /home/szymon/eclipse/plugins/fr.ac6.mcu.externaltools.arm-none.linux64_1.13.1.201703061524/tools/compiler/bin/../lib/gcc/arm-none-eabi/5.4.1/armv7-m/libgcc.a(_arm_cmpsf2.o)
                0x08000658                __gtsf2
                0x08000658                __gesf2
                0x08000660                __lesf2
                0x08000660                __ltsf2
                0x08000668                __nesf2
                0x08000668                __eqsf2
                0x08000668                __cmpsf2
                0x080006c8                __aeabi_cfrcmple
                0x080006d0                __aeabi_cfcmple
                0x080006d0                __aeabi_cfcmpeq
                0x080006e0                __aeabi_fcmpeq
                0x080006f4                __aeabi_fcmplt
                0x08000708                __aeabi_fcmple
                0x0800071c                __aeabi_fcmpge
                0x08000730                __aeabi_fcmpgt
 .text          0x08000744       0x4c /home/szymon/eclipse/plugins/fr.ac6.mcu.externaltools.arm-none.linux64_1.13.1.201703061524/tools/compiler/bin/../lib/gcc/arm-none-eabi/5.4.1/armv7-m/libgcc.a(_arm_fixsfsi.o)
                0x08000744                __fixsfsi
                0x08000744                __aeabi_f2iz
 .text          0x08000790       0x40 /home/szymon/eclipse/plugins/fr.ac6.mcu.externaltools.arm-none.linux64_1.13.1.201703061524/tools/compiler/bin/../lib/gcc/arm-none-eabi/5.4.1/armv7-m/libgcc.a(_arm_fixunssfsi.o)
                0x08000790                __aeabi_f2uiz
                0x08000790                __fixunssfsi
 *(.text*)
 .text.Reset_Handler
                0x080007d0       0x48 startup/startup_stm32l151xd.o
                0x080007d0                Reset_Handler
 .text.Default_Handler
                0x08000818        0x2 startup/startup_stm32l151xd.o
                0x08000818                RTC_Alarm_IRQHandler
                0x08000818                EXTI2_IRQHandler
                0x08000818                COMP_ACQ_IRQHandler
                0x08000818                TIM10_IRQHandler
                0x08000818                USB_HP_IRQHandler
                0x08000818                TIM6_IRQHandler
                0x08000818                PVD_IRQHandler
                0x08000818                SDIO_IRQHandler
                0x08000818                EXTI3_IRQHandler
                0x08000818                EXTI0_IRQHandler
                0x08000818                I2C2_EV_IRQHandler
                0x08000818                SPI1_IRQHandler
                0x08000818                USB_FS_WKUP_IRQHandler
                0x08000818                DMA2_Channel2_IRQHandler
                0x08000818                DMA1_Channel4_IRQHandler
                0x08000818                ADC1_IRQHandler
                0x08000818                USART3_IRQHandler
                0x08000818                DMA1_Channel7_IRQHandler
                0x08000818                UART5_IRQHandler
                0x08000818                TIM4_IRQHandler
                0x08000818                DMA2_Channel1_IRQHandler
                0x08000818                I2C1_EV_IRQHandler
                0x08000818                DMA1_Channel6_IRQHandler
                0x08000818                UART4_IRQHandler
                0x08000818                DMA2_Channel4_IRQHandler
                0x08000818                TIM3_IRQHandler
                0x08000818                RCC_IRQHandler
                0x08000818                DMA1_Channel1_IRQHandler
                0x08000818                Default_Handler
                0x08000818                EXTI15_10_IRQHandler
                0x08000818                TIM7_IRQHandler
                0x08000818                TIM5_IRQHandler
                0x08000818                EXTI9_5_IRQHandler
                0x08000818                TIM9_IRQHandler
                0x08000818                TAMPER_STAMP_IRQHandler
                0x08000818                RTC_WKUP_IRQHandler
                0x08000818                SPI2_IRQHandler
                0x08000818                DMA2_Channel5_IRQHandler
                0x08000818                DMA1_Channel5_IRQHandler
                0x08000818                USB_LP_IRQHandler
                0x08000818                EXTI4_IRQHandler
                0x08000818                DMA1_Channel3_IRQHandler
                0x08000818                COMP_IRQHandler
                0x08000818                WWDG_IRQHandler
                0x08000818                DAC_IRQHandler
                0x08000818                EXTI1_IRQHandler
                0x08000818                TIM11_IRQHandler
                0x08000818                USART2_IRQHandler
                0x08000818                I2C2_ER_IRQHandler
                0x08000818                DMA1_Channel2_IRQHandler
                0x08000818                FLASH_IRQHandler
                0x08000818                USART1_IRQHandler
                0x08000818                SPI3_IRQHandler
                0x08000818                I2C1_ER_IRQHandler
                0x08000818                DMA2_Channel3_IRQHandler
 *fill*         0x0800081a        0x2 
 .text.get_start_address
                0x0800081c        0xc Src/LTC2983.o
 .text.transfer_four_bytes
                0x08000828       0x8c Src/LTC2983.o
 .text.assign_channel
                0x080008b4       0x1c Src/LTC2983.o
 .text.transfer_byte
                0x080008d0       0x58 Src/LTC2983.o
 .text.wait_for_process_to_finish
                0x08000928       0x20 Src/LTC2983.o
 .text.convert_channel
                0x08000948       0x18 Src/LTC2983.o
 .text.get_result
                0x08000960       0x1c Src/LTC2983.o
                0x08000960                get_result
 .text.measure_channel
                0x0800097c       0x18 Src/LTC2983.o
 .text.ConfigureLTCs
                0x08000994       0xcc Src/LTC2983.o
                0x08000994                ConfigureLTCs
 .text.ReadLTCs
                0x08000a60       0xb4 Src/LTC2983.o
                0x08000a60                ReadLTCs
 .text.BSP_SD_ReadBlocks
                0x08000b14       0x28 Src/bsp_driver_sd.o
                0x08000b14                BSP_SD_ReadBlocks
 .text.BSP_SD_WriteBlocks
                0x08000b3c       0x28 Src/bsp_driver_sd.o
                0x08000b3c                BSP_SD_WriteBlocks
 .text.BSP_SD_GetStatus
                0x08000b64       0x10 Src/bsp_driver_sd.o
                0x08000b64                BSP_SD_GetStatus
 .text.BSP_SD_GetCardInfo
                0x08000b74       0x10 Src/bsp_driver_sd.o
                0x08000b74                BSP_SD_GetCardInfo
 .text.BSP_SD_IsDetected
                0x08000b84       0x10 Src/bsp_driver_sd.o
                0x08000b84                BSP_SD_IsDetected
 .text.BSP_SD_Init
                0x08000b94       0x20 Src/bsp_driver_sd.o
                0x08000b94                BSP_SD_Init
 .text.MX_FATFS_Init
                0x08000bb4       0x1c Src/fatfs.o
                0x08000bb4                MX_FATFS_Init
 .text.get_fattime
                0x08000bd0        0x4 Src/fatfs.o
                0x08000bd0                get_fattime
 .text.MX_SDIO_SD_Init
                0x08000bd4       0x20 Src/main.o
 .text.MX_GPIO_Init
                0x08000bf4      0x104 Src/main.o
 .text.StartWatchdogTask
                0x08000cf8        0xc Src/main.o
                0x08000cf8                StartWatchdogTask
 .text.StartHeatingTask
                0x08000d04       0xac Src/main.o
                0x08000d04                StartHeatingTask
 .text.WriteToSD
                0x08000db0       0xb4 Src/main.o
 .text.StartSaveTask
                0x08000e64       0xec Src/main.o
                0x08000e64                StartSaveTask
 .text.arm_pid_init_f32
                0x08000f50       0x40 Src/main.o
                0x08000f50                arm_pid_init_f32
 .text.StartControlTask
                0x08000f90      0x1dc Src/main.o
                0x08000f90                StartControlTask
 .text.HAL_TIM_PeriodElapsedCallback
                0x0800116c       0x10 Src/main.o
                0x0800116c                HAL_TIM_PeriodElapsedCallback
 .text._Error_Handler
                0x0800117c        0x4 Src/main.o
                0x0800117c                _Error_Handler
 .text.MX_ADC_Init
                0x08001180       0x70 Src/main.o
 .text.MX_USART1_UART_Init
                0x080011f0       0x3c Src/main.o
 .text.MX_SPI1_Init
                0x0800122c       0x4c Src/main.o
 .text.MX_I2C1_Init
                0x08001278       0x44 Src/main.o
 .text.MX_USART3_UART_Init
                0x080012bc       0x3c Src/main.o
 .text.SystemClock_Config
                0x080012f8       0x98 Src/main.o
                0x080012f8                SystemClock_Config
 .text.main     0x08001390      0x104 Src/main.o
                0x08001390                main
 .text.HAL_MspInit
                0x08001494       0xa0 Src/stm32l1xx_hal_msp.o
                0x08001494                HAL_MspInit
 .text.HAL_ADC_MspInit
                0x08001534       0x48 Src/stm32l1xx_hal_msp.o
                0x08001534                HAL_ADC_MspInit
 .text.HAL_I2C_MspInit
                0x0800157c       0x54 Src/stm32l1xx_hal_msp.o
                0x0800157c                HAL_I2C_MspInit
 .text.HAL_SD_MspInit
                0x080015d0       0x68 Src/stm32l1xx_hal_msp.o
                0x080015d0                HAL_SD_MspInit
 .text.HAL_SPI_MspInit
                0x08001638       0x50 Src/stm32l1xx_hal_msp.o
                0x08001638                HAL_SPI_MspInit
 .text.HAL_UART_MspInit
                0x08001688       0x90 Src/stm32l1xx_hal_msp.o
                0x08001688                HAL_UART_MspInit
 .text.HAL_InitTick
                0x08001718       0x78 Src/stm32l1xx_hal_timebase_TIM.o
                0x08001718                HAL_InitTick
 .text.NMI_Handler
                0x08001790        0x4 Src/stm32l1xx_it.o
                0x08001790                NMI_Handler
 .text.HardFault_Handler
                0x08001794        0x4 Src/stm32l1xx_it.o
                0x08001794                HardFault_Handler
 .text.MemManage_Handler
                0x08001798        0x4 Src/stm32l1xx_it.o
                0x08001798                MemManage_Handler
 .text.BusFault_Handler
                0x0800179c        0x4 Src/stm32l1xx_it.o
                0x0800179c                BusFault_Handler
 .text.UsageFault_Handler
                0x080017a0        0x4 Src/stm32l1xx_it.o
                0x080017a0                UsageFault_Handler
 .text.DebugMon_Handler
                0x080017a4        0x4 Src/stm32l1xx_it.o
                0x080017a4                DebugMon_Handler
 .text.SysTick_Handler
                0x080017a8        0x8 Src/stm32l1xx_it.o
                0x080017a8                SysTick_Handler
 .text.TIM2_IRQHandler
                0x080017b0       0x10 Src/stm32l1xx_it.o
                0x080017b0                TIM2_IRQHandler
 .text.SystemInit
                0x080017c0       0x48 Src/system_stm32l1xx.o
                0x080017c0                SystemInit
 .text.vListInitialise
                0x08001808       0x18 Middlewares/Third_Party/FreeRTOS/Source/list.o
                0x08001808                vListInitialise
 .text.vListInitialiseItem
                0x08001820        0x8 Middlewares/Third_Party/FreeRTOS/Source/list.o
                0x08001820                vListInitialiseItem
 .text.vListInsertEnd
                0x08001828       0x18 Middlewares/Third_Party/FreeRTOS/Source/list.o
                0x08001828                vListInsertEnd
 .text.vListInsert
                0x08001840       0x34 Middlewares/Third_Party/FreeRTOS/Source/list.o
                0x08001840                vListInsert
 .text.uxListRemove
                0x08001874       0x24 Middlewares/Third_Party/FreeRTOS/Source/list.o
                0x08001874                uxListRemove
 .text.prvIsQueueFull
                0x08001898       0x20 Middlewares/Third_Party/FreeRTOS/Source/queue.o
 .text.prvIsQueueEmpty
                0x080018b8       0x1c Middlewares/Third_Party/FreeRTOS/Source/queue.o
 .text.prvCopyDataToQueue
                0x080018d4       0x78 Middlewares/Third_Party/FreeRTOS/Source/queue.o
 .text.prvCopyDataFromQueue
                0x0800194c       0x24 Middlewares/Third_Party/FreeRTOS/Source/queue.o
 .text.prvUnlockQueue
                0x08001970       0x68 Middlewares/Third_Party/FreeRTOS/Source/queue.o
 .text.xQueueGenericReset
                0x080019d8       0x80 Middlewares/Third_Party/FreeRTOS/Source/queue.o
                0x080019d8                xQueueGenericReset
 .text.prvInitialiseNewQueue
                0x08001a58       0x1c Middlewares/Third_Party/FreeRTOS/Source/queue.o
 .text.xQueueGenericCreate
                0x08001a74       0x4c Middlewares/Third_Party/FreeRTOS/Source/queue.o
                0x08001a74                xQueueGenericCreate
 .text.xQueueGenericSend
                0x08001ac0      0x190 Middlewares/Third_Party/FreeRTOS/Source/queue.o
                0x08001ac0                xQueueGenericSend
 .text.xQueueGiveFromISR
                0x08001c50       0xbc Middlewares/Third_Party/FreeRTOS/Source/queue.o
                0x08001c50                xQueueGiveFromISR
 .text.xQueueGenericReceive
                0x08001d0c      0x1a0 Middlewares/Third_Party/FreeRTOS/Source/queue.o
                0x08001d0c                xQueueGenericReceive
 .text.xQueueReceiveFromISR
                0x08001eac       0xb8 Middlewares/Third_Party/FreeRTOS/Source/queue.o
                0x08001eac                xQueueReceiveFromISR
 .text.vQueueUnregisterQueue
                0x08001f64       0x2c Middlewares/Third_Party/FreeRTOS/Source/queue.o
                0x08001f64                vQueueUnregisterQueue
 .text.vQueueDelete
                0x08001f90       0x24 Middlewares/Third_Party/FreeRTOS/Source/queue.o
                0x08001f90                vQueueDelete
 .text.prvResetNextTaskUnblockTime
                0x08001fb4       0x2c Middlewares/Third_Party/FreeRTOS/Source/tasks.o
 .text.prvDeleteTCB
                0x08001fe0       0x14 Middlewares/Third_Party/FreeRTOS/Source/tasks.o
 .text.prvInitialiseNewTask
                0x08001ff4       0x80 Middlewares/Third_Party/FreeRTOS/Source/tasks.o
 .text.prvInitialiseTaskLists
                0x08002074       0x58 Middlewares/Third_Party/FreeRTOS/Source/tasks.o
 .text.prvAddNewTaskToReadyList
                0x080020cc       0xac Middlewares/Third_Party/FreeRTOS/Source/tasks.o
 .text.prvAddCurrentTaskToDelayedList
                0x08002178       0x84 Middlewares/Third_Party/FreeRTOS/Source/tasks.o
 .text.xTaskCreate
                0x080021fc       0x64 Middlewares/Third_Party/FreeRTOS/Source/tasks.o
                0x080021fc                xTaskCreate
 .text.vTaskStartScheduler
                0x08002260       0x74 Middlewares/Third_Party/FreeRTOS/Source/tasks.o
                0x08002260                vTaskStartScheduler
 .text.vTaskSuspendAll
                0x080022d4       0x14 Middlewares/Third_Party/FreeRTOS/Source/tasks.o
                0x080022d4                vTaskSuspendAll
 .text.xTaskIncrementTick
                0x080022e8      0x118 Middlewares/Third_Party/FreeRTOS/Source/tasks.o
                0x080022e8                xTaskIncrementTick
 .text.xTaskResumeAll
                0x08002400       0xf4 Middlewares/Third_Party/FreeRTOS/Source/tasks.o
                0x08002400                xTaskResumeAll
 .text.vTaskDelay
                0x080024f4       0x50 Middlewares/Third_Party/FreeRTOS/Source/tasks.o
                0x080024f4                vTaskDelay
 .text.prvCheckTasksWaitingTermination
                0x08002544       0x54 Middlewares/Third_Party/FreeRTOS/Source/tasks.o
 .text.prvIdleTask
                0x08002598       0x28 Middlewares/Third_Party/FreeRTOS/Source/tasks.o
 .text.vTaskSwitchContext
                0x080025c0       0x90 Middlewares/Third_Party/FreeRTOS/Source/tasks.o
                0x080025c0                vTaskSwitchContext
 .text.vTaskPlaceOnEventList
                0x08002650       0x34 Middlewares/Third_Party/FreeRTOS/Source/tasks.o
                0x08002650                vTaskPlaceOnEventList
 .text.xTaskRemoveFromEventList
                0x08002684       0x88 Middlewares/Third_Party/FreeRTOS/Source/tasks.o
                0x08002684                xTaskRemoveFromEventList
 .text.vTaskSetTimeOutState
                0x0800270c       0x28 Middlewares/Third_Party/FreeRTOS/Source/tasks.o
                0x0800270c                vTaskSetTimeOutState
 .text.xTaskCheckForTimeOut
                0x08002734       0x80 Middlewares/Third_Party/FreeRTOS/Source/tasks.o
                0x08002734                xTaskCheckForTimeOut
 .text.vTaskMissedYield
                0x080027b4       0x10 Middlewares/Third_Party/FreeRTOS/Source/tasks.o
                0x080027b4                vTaskMissedYield
 .text.xTaskGetSchedulerState
                0x080027c4       0x20 Middlewares/Third_Party/FreeRTOS/Source/tasks.o
                0x080027c4                xTaskGetSchedulerState
 .text.vTaskPriorityInherit
                0x080027e4       0xb4 Middlewares/Third_Party/FreeRTOS/Source/tasks.o
                0x080027e4                vTaskPriorityInherit
 .text.xTaskPriorityDisinherit
                0x08002898       0xb8 Middlewares/Third_Party/FreeRTOS/Source/tasks.o
                0x08002898                xTaskPriorityDisinherit
 .text.pvTaskIncrementMutexHeldCount
                0x08002950       0x20 Middlewares/Third_Party/FreeRTOS/Source/tasks.o
                0x08002950                pvTaskIncrementMutexHeldCount
 .text.prvHeapInit
                0x08002970       0x58 Middlewares/Third_Party/FreeRTOS/Source/portable/MemMang/heap_4.o
 .text.prvInsertBlockIntoFreeList
                0x080029c8       0x58 Middlewares/Third_Party/FreeRTOS/Source/portable/MemMang/heap_4.o
 .text.pvPortMalloc
                0x08002a20      0x10c Middlewares/Third_Party/FreeRTOS/Source/portable/MemMang/heap_4.o
                0x08002a20                pvPortMalloc
 .text.vPortFree
                0x08002b2c       0x78 Middlewares/Third_Party/FreeRTOS/Source/portable/MemMang/heap_4.o
                0x08002b2c                vPortFree
 .text.prvTaskExitError
                0x08002ba4       0x34 Middlewares/Third_Party/FreeRTOS/Source/portable/GCC/ARM_CM3/port.o
 .text.prvPortStartFirstTask
                0x08002bd8       0x20 Middlewares/Third_Party/FreeRTOS/Source/portable/GCC/ARM_CM3/port.o
 .text.pxPortInitialiseStack
                0x08002bf8       0x24 Middlewares/Third_Party/FreeRTOS/Source/portable/GCC/ARM_CM3/port.o
                0x08002bf8                pxPortInitialiseStack
 *fill*         0x08002c1c        0x4 
 .text.SVC_Handler
                0x08002c20       0x24 Middlewares/Third_Party/FreeRTOS/Source/portable/GCC/ARM_CM3/port.o
                0x08002c20                SVC_Handler
 .text.vPortEnterCritical
                0x08002c44       0x44 Middlewares/Third_Party/FreeRTOS/Source/portable/GCC/ARM_CM3/port.o
                0x08002c44                vPortEnterCritical
 .text.vPortExitCritical
                0x08002c88       0x2c Middlewares/Third_Party/FreeRTOS/Source/portable/GCC/ARM_CM3/port.o
                0x08002c88                vPortExitCritical
 *fill*         0x08002cb4        0xc 
 .text.PendSV_Handler
                0x08002cc0       0x44 Middlewares/Third_Party/FreeRTOS/Source/portable/GCC/ARM_CM3/port.o
                0x08002cc0                PendSV_Handler
 .text.xPortSysTickHandler
                0x08002d04       0x2c Middlewares/Third_Party/FreeRTOS/Source/portable/GCC/ARM_CM3/port.o
                0x08002d04                xPortSysTickHandler
 .text.vPortSetupTimerInterrupt
                0x08002d30       0x2c Middlewares/Third_Party/FreeRTOS/Source/portable/GCC/ARM_CM3/port.o
                0x08002d30                vPortSetupTimerInterrupt
 .text.xPortStartScheduler
                0x08002d5c       0x90 Middlewares/Third_Party/FreeRTOS/Source/portable/GCC/ARM_CM3/port.o
                0x08002d5c                xPortStartScheduler
 .text.vPortValidateInterruptPriority
                0x08002dec       0x58 Middlewares/Third_Party/FreeRTOS/Source/portable/GCC/ARM_CM3/port.o
                0x08002dec                vPortValidateInterruptPriority
 .text.makeFreeRtosPriority
                0x08002e44        0xc Middlewares/Third_Party/FreeRTOS/Source/CMSIS_RTOS/cmsis_os.o
 .text.inHandlerMode
                0x08002e50        0xc Middlewares/Third_Party/FreeRTOS/Source/CMSIS_RTOS/cmsis_os.o
 .text.osKernelStart
                0x08002e5c        0xc Middlewares/Third_Party/FreeRTOS/Source/CMSIS_RTOS/cmsis_os.o
                0x08002e5c                osKernelStart
 .text.osThreadCreate
                0x08002e68       0x34 Middlewares/Third_Party/FreeRTOS/Source/CMSIS_RTOS/cmsis_os.o
                0x08002e68                osThreadCreate
 .text.osDelay  0x08002e9c       0x10 Middlewares/Third_Party/FreeRTOS/Source/CMSIS_RTOS/cmsis_os.o
                0x08002e9c                osDelay
 .text.osSemaphoreCreate
                0x08002eac       0x28 Middlewares/Third_Party/FreeRTOS/Source/CMSIS_RTOS/cmsis_os.o
                0x08002eac                osSemaphoreCreate
 .text.osSemaphoreWait
                0x08002ed4       0x6c Middlewares/Third_Party/FreeRTOS/Source/CMSIS_RTOS/cmsis_os.o
                0x08002ed4                osSemaphoreWait
 .text.osSemaphoreRelease
                0x08002f40       0x5c Middlewares/Third_Party/FreeRTOS/Source/CMSIS_RTOS/cmsis_os.o
                0x08002f40                osSemaphoreRelease
 .text.osSemaphoreDelete
                0x08002f9c       0x18 Middlewares/Third_Party/FreeRTOS/Source/CMSIS_RTOS/cmsis_os.o
                0x08002f9c                osSemaphoreDelete
 .text.osMessageCreate
                0x08002fb4       0x10 Middlewares/Third_Party/FreeRTOS/Source/CMSIS_RTOS/cmsis_os.o
                0x08002fb4                osMessageCreate
 .text.osSystickHandler
                0x08002fc4       0x10 Middlewares/Third_Party/FreeRTOS/Source/CMSIS_RTOS/cmsis_os.o
                0x08002fc4                osSystickHandler
 .text.ff_cre_syncobj
                0x08002fd4       0x20 Middlewares/Third_Party/FatFs/src/option/syscall.o
                0x08002fd4                ff_cre_syncobj
 .text.ff_del_syncobj
                0x08002ff4        0xc Middlewares/Third_Party/FatFs/src/option/syscall.o
                0x08002ff4                ff_del_syncobj
 .text.ff_req_grant
                0x08003000       0x14 Middlewares/Third_Party/FatFs/src/option/syscall.o
                0x08003000                ff_req_grant
 .text.ff_rel_grant
                0x08003014        0x8 Middlewares/Third_Party/FatFs/src/option/syscall.o
                0x08003014                ff_rel_grant
 .text.disk_status
                0x0800301c       0x18 Middlewares/Third_Party/FatFs/src/diskio.o
                0x0800301c                disk_status
 .text.disk_initialize
                0x08003034       0x28 Middlewares/Third_Party/FatFs/src/diskio.o
                0x08003034                disk_initialize
 .text.disk_read
                0x0800305c       0x18 Middlewares/Third_Party/FatFs/src/diskio.o
                0x0800305c                disk_read
 .text.disk_write
                0x08003074       0x18 Middlewares/Third_Party/FatFs/src/diskio.o
                0x08003074                disk_write
 .text.disk_ioctl
                0x0800308c       0x18 Middlewares/Third_Party/FatFs/src/diskio.o
                0x0800308c                disk_ioctl
 .text.mem_cpy  0x080030a4       0x14 Middlewares/Third_Party/FatFs/src/ff.o
 .text.mem_set  0x080030b8       0x10 Middlewares/Third_Party/FatFs/src/ff.o
 .text.mem_cmp  0x080030c8       0x24 Middlewares/Third_Party/FatFs/src/ff.o
 .text.chk_chr  0x080030ec       0x10 Middlewares/Third_Party/FatFs/src/ff.o
 .text.chk_lock
                0x080030fc       0x90 Middlewares/Third_Party/FatFs/src/ff.o
 .text.enq_lock
                0x0800318c       0x24 Middlewares/Third_Party/FatFs/src/ff.o
 .text.inc_lock
                0x080031b0       0xdc Middlewares/Third_Party/FatFs/src/ff.o
 .text.dec_lock
                0x0800328c       0x48 Middlewares/Third_Party/FatFs/src/ff.o
 .text.clear_lock
                0x080032d4       0x30 Middlewares/Third_Party/FatFs/src/ff.o
 .text.clmt_clust
                0x08003304       0x3c Middlewares/Third_Party/FatFs/src/ff.o
 .text.ld_clust
                0x08003340       0x24 Middlewares/Third_Party/FatFs/src/ff.o
 .text.st_clust
                0x08003364       0x14 Middlewares/Third_Party/FatFs/src/ff.o
 .text.create_name
                0x08003378      0x11c Middlewares/Third_Party/FatFs/src/ff.o
 .text.get_ldnumber
                0x08003494       0x54 Middlewares/Third_Party/FatFs/src/ff.o
 .text.sync_window
                0x080034e8       0x78 Middlewares/Third_Party/FatFs/src/ff.o
 .text.move_window
                0x08003560       0x40 Middlewares/Third_Party/FatFs/src/ff.o
 .text.check_fs
                0x080035a0       0x98 Middlewares/Third_Party/FatFs/src/ff.o
 .text.sync_fs  0x08003638       0xd8 Middlewares/Third_Party/FatFs/src/ff.o
 .text.lock_fs  0x08003710       0x10 Middlewares/Third_Party/FatFs/src/ff.o
 .text.find_volume
                0x08003720      0x414 Middlewares/Third_Party/FatFs/src/ff.o
 .text.validate
                0x08003b34       0x60 Middlewares/Third_Party/FatFs/src/ff.o
 .text.unlock_fs
                0x08003b94       0x24 Middlewares/Third_Party/FatFs/src/ff.o
 .text.clust2sect
                0x08003bb8       0x24 Middlewares/Third_Party/FatFs/src/ff.o
                0x08003bb8                clust2sect
 .text.get_fat  0x08003bdc      0x138 Middlewares/Third_Party/FatFs/src/ff.o
                0x08003bdc                get_fat
 .text.dir_sdi  0x08003d14       0xf4 Middlewares/Third_Party/FatFs/src/ff.o
 .text.put_fat  0x08003e08      0x180 Middlewares/Third_Party/FatFs/src/ff.o
                0x08003e08                put_fat
 .text.create_chain
                0x08003f88       0xd8 Middlewares/Third_Party/FatFs/src/ff.o
 .text.dir_next
                0x08004060      0x198 Middlewares/Third_Party/FatFs/src/ff.o
 .text.dir_find
                0x080041f8       0x5c Middlewares/Third_Party/FatFs/src/ff.o
 .text.follow_path
                0x08004254       0x98 Middlewares/Third_Party/FatFs/src/ff.o
 .text.dir_alloc
                0x080042ec       0x58 Middlewares/Third_Party/FatFs/src/ff.o
 .text.dir_register
                0x08004344       0x50 Middlewares/Third_Party/FatFs/src/ff.o
 .text.remove_chain
                0x08004394       0x7c Middlewares/Third_Party/FatFs/src/ff.o
 .text.f_mount  0x08004410       0x98 Middlewares/Third_Party/FatFs/src/ff.o
                0x08004410                f_mount
 .text.f_open   0x080044a8      0x240 Middlewares/Third_Party/FatFs/src/ff.o
                0x080044a8                f_open
 .text.f_write  0x080046e8      0x318 Middlewares/Third_Party/FatFs/src/ff.o
                0x080046e8                f_write
 .text.f_sync   0x08004a00       0xf4 Middlewares/Third_Party/FatFs/src/ff.o
                0x08004a00                f_sync
 .text.f_close  0x08004af4       0x40 Middlewares/Third_Party/FatFs/src/ff.o
                0x08004af4                f_close
 .text.f_lseek  0x08004b34      0x488 Middlewares/Third_Party/FatFs/src/ff.o
                0x08004b34                f_lseek
 .text.FATFS_LinkDriverEx
                0x08004fbc       0x4c Middlewares/Third_Party/FatFs/src/ff_gen_drv.o
                0x08004fbc                FATFS_LinkDriverEx
 .text.FATFS_LinkDriver
                0x08005008        0xc Middlewares/Third_Party/FatFs/src/ff_gen_drv.o
                0x08005008                FATFS_LinkDriver
 .text.SD_initialize
                0x08005014       0x24 Middlewares/Third_Party/FatFs/src/drivers/sd_diskio.o
                0x08005014                SD_initialize
 .text.SD_status
                0x08005038       0x24 Middlewares/Third_Party/FatFs/src/drivers/sd_diskio.o
                0x08005038                SD_status
 .text.SD_read  0x0800505c       0x20 Middlewares/Third_Party/FatFs/src/drivers/sd_diskio.o
                0x0800505c                SD_read
 .text.SD_write
                0x0800507c       0x20 Middlewares/Third_Party/FatFs/src/drivers/sd_diskio.o
                0x0800507c                SD_write
 .text.SD_ioctl
                0x0800509c       0x5c Middlewares/Third_Party/FatFs/src/drivers/sd_diskio.o
                0x0800509c                SD_ioctl
 .text.HAL_Init
                0x080050f8       0x18 Drivers/STM32L1xx_HAL_Driver/Src/stm32l1xx_hal.o
                0x080050f8                HAL_Init
 .text.HAL_IncTick
                0x08005110       0x10 Drivers/STM32L1xx_HAL_Driver/Src/stm32l1xx_hal.o
                0x08005110                HAL_IncTick
 .text.HAL_GetTick
                0x08005120        0xc Drivers/STM32L1xx_HAL_Driver/Src/stm32l1xx_hal.o
                0x08005120                HAL_GetTick
 .text.HAL_Delay
                0x0800512c       0x1c Drivers/STM32L1xx_HAL_Driver/Src/stm32l1xx_hal.o
                0x0800512c                HAL_Delay
 .text.HAL_ADC_Init
                0x08005148      0x190 Drivers/STM32L1xx_HAL_Driver/Src/stm32l1xx_hal_adc.o
                0x08005148                HAL_ADC_Init
 .text.HAL_ADC_ConfigChannel
                0x080052d8      0x1a8 Drivers/STM32L1xx_HAL_Driver/Src/stm32l1xx_hal_adc.o
                0x080052d8                HAL_ADC_ConfigChannel
 .text.HAL_NVIC_SetPriorityGrouping
                0x08005480       0x24 Drivers/STM32L1xx_HAL_Driver/Src/stm32l1xx_hal_cortex.o
                0x08005480                HAL_NVIC_SetPriorityGrouping
 .text.HAL_NVIC_SetPriority
                0x080054a4       0x64 Drivers/STM32L1xx_HAL_Driver/Src/stm32l1xx_hal_cortex.o
                0x080054a4                HAL_NVIC_SetPriority
 .text.HAL_NVIC_EnableIRQ
                0x08005508       0x18 Drivers/STM32L1xx_HAL_Driver/Src/stm32l1xx_hal_cortex.o
                0x08005508                HAL_NVIC_EnableIRQ
 .text.HAL_SYSTICK_Config
                0x08005520       0x2c Drivers/STM32L1xx_HAL_Driver/Src/stm32l1xx_hal_cortex.o
                0x08005520                HAL_SYSTICK_Config
 .text.HAL_SYSTICK_CLKSourceConfig
                0x0800554c       0x20 Drivers/STM32L1xx_HAL_Driver/Src/stm32l1xx_hal_cortex.o
                0x0800554c                HAL_SYSTICK_CLKSourceConfig
 .text.HAL_GPIO_Init
                0x0800556c      0x1ac Drivers/STM32L1xx_HAL_Driver/Src/stm32l1xx_hal_gpio.o
                0x0800556c                HAL_GPIO_Init
 .text.HAL_GPIO_WritePin
                0x08005718        0xc Drivers/STM32L1xx_HAL_Driver/Src/stm32l1xx_hal_gpio.o
                0x08005718                HAL_GPIO_WritePin
 .text.HAL_I2C_Init
                0x08005724      0x164 Drivers/STM32L1xx_HAL_Driver/Src/stm32l1xx_hal_i2c.o
                0x08005724                HAL_I2C_Init
 .text.RCC_SetFlashLatencyFromMSIRange
                0x08005888       0x98 Drivers/STM32L1xx_HAL_Driver/Src/stm32l1xx_hal_rcc.o
 .text.HAL_RCC_OscConfig
                0x08005920      0x7a0 Drivers/STM32L1xx_HAL_Driver/Src/stm32l1xx_hal_rcc.o
                0x08005920                HAL_RCC_OscConfig
 .text.HAL_RCC_GetSysClockFreq
                0x080060c0       0xa0 Drivers/STM32L1xx_HAL_Driver/Src/stm32l1xx_hal_rcc.o
                0x080060c0                HAL_RCC_GetSysClockFreq
 .text.HAL_RCC_ClockConfig
                0x08006160      0x25c Drivers/STM32L1xx_HAL_Driver/Src/stm32l1xx_hal_rcc.o
                0x08006160                HAL_RCC_ClockConfig
 .text.HAL_RCC_GetHCLKFreq
                0x080063bc        0xc Drivers/STM32L1xx_HAL_Driver/Src/stm32l1xx_hal_rcc.o
                0x080063bc                HAL_RCC_GetHCLKFreq
 .text.HAL_RCC_GetPCLK1Freq
                0x080063c8       0x30 Drivers/STM32L1xx_HAL_Driver/Src/stm32l1xx_hal_rcc.o
                0x080063c8                HAL_RCC_GetPCLK1Freq
 .text.HAL_RCC_GetPCLK2Freq
                0x080063f8       0x30 Drivers/STM32L1xx_HAL_Driver/Src/stm32l1xx_hal_rcc.o
                0x080063f8                HAL_RCC_GetPCLK2Freq
 .text.HAL_RCC_GetClockConfig
                0x08006428       0x3c Drivers/STM32L1xx_HAL_Driver/Src/stm32l1xx_hal_rcc.o
                0x08006428                HAL_RCC_GetClockConfig
 .text.SD_CmdError
                0x08006464       0x2c Drivers/STM32L1xx_HAL_Driver/Src/stm32l1xx_hal_sd.o
 .text.SD_CmdResp7Error
                0x08006490       0x50 Drivers/STM32L1xx_HAL_Driver/Src/stm32l1xx_hal_sd.o
 .text.SD_CmdResp3Error
                0x080064e0       0x24 Drivers/STM32L1xx_HAL_Driver/Src/stm32l1xx_hal_sd.o
 .text.SD_CmdResp2Error
                0x08006504       0x34 Drivers/STM32L1xx_HAL_Driver/Src/stm32l1xx_hal_sd.o
 .text.SD_CmdResp1Error
                0x08006538      0x118 Drivers/STM32L1xx_HAL_Driver/Src/stm32l1xx_hal_sd.o
 .text.SD_PowerON
                0x08006650      0x178 Drivers/STM32L1xx_HAL_Driver/Src/stm32l1xx_hal_sd.o
 .text.SD_Select_Deselect
                0x080067c8       0x30 Drivers/STM32L1xx_HAL_Driver/Src/stm32l1xx_hal_sd.o
 .text.SD_SendStatus
                0x080067f8       0x48 Drivers/STM32L1xx_HAL_Driver/Src/stm32l1xx_hal_sd.o
 .text.SD_GetState
                0x08006840       0x24 Drivers/STM32L1xx_HAL_Driver/Src/stm32l1xx_hal_sd.o
 .text.SD_CmdResp6Error
                0x08006864       0x7c Drivers/STM32L1xx_HAL_Driver/Src/stm32l1xx_hal_sd.o
 .text.SD_IsCardProgramming
                0x080068e0      0x174 Drivers/STM32L1xx_HAL_Driver/Src/stm32l1xx_hal_sd.o
 .text.SD_Initialize_Cards
                0x08006a54       0xf0 Drivers/STM32L1xx_HAL_Driver/Src/stm32l1xx_hal_sd.o
 .text.HAL_SD_Get_CardInfo
                0x08006b44      0x2b4 Drivers/STM32L1xx_HAL_Driver/Src/stm32l1xx_hal_sd.o
                0x08006b44                HAL_SD_Get_CardInfo
 .text.HAL_SD_Init
                0x08006df8       0xb8 Drivers/STM32L1xx_HAL_Driver/Src/stm32l1xx_hal_sd.o
                0x08006df8                HAL_SD_Init
 .text.HAL_SD_StopTransfer
                0x08006eb0       0x30 Drivers/STM32L1xx_HAL_Driver/Src/stm32l1xx_hal_sd.o
                0x08006eb0                HAL_SD_StopTransfer
 .text.HAL_SD_ReadBlocks
                0x08006ee0      0x1b0 Drivers/STM32L1xx_HAL_Driver/Src/stm32l1xx_hal_sd.o
                0x08006ee0                HAL_SD_ReadBlocks
 .text.HAL_SD_WriteBlocks
                0x08007090      0x234 Drivers/STM32L1xx_HAL_Driver/Src/stm32l1xx_hal_sd.o
                0x08007090                HAL_SD_WriteBlocks
 .text.HAL_SD_GetStatus
                0x080072c4       0x1c Drivers/STM32L1xx_HAL_Driver/Src/stm32l1xx_hal_sd.o
                0x080072c4                HAL_SD_GetStatus
 .text.SPI_WaitOnFlagUntilTimeout
                0x080072e0       0xe4 Drivers/STM32L1xx_HAL_Driver/Src/stm32l1xx_hal_spi.o
 .text.HAL_SPI_TransmitReceive
                0x080073c4      0x388 Drivers/STM32L1xx_HAL_Driver/Src/stm32l1xx_hal_spi.o
                0x080073c4                HAL_SPI_TransmitReceive
 .text.HAL_SPI_Init
                0x0800774c       0x84 Drivers/STM32L1xx_HAL_Driver/Src/stm32l1xx_hal_spi_ex.o
                0x0800774c                HAL_SPI_Init
 .text.TIM_Base_SetConfig
                0x080077d0       0x80 Drivers/STM32L1xx_HAL_Driver/Src/stm32l1xx_hal_tim.o
 .text.HAL_TIM_Base_MspInit
                0x08007850        0x4 Drivers/STM32L1xx_HAL_Driver/Src/stm32l1xx_hal_tim.o
                0x08007850                HAL_TIM_Base_MspInit
 .text.HAL_TIM_Base_Init
                0x08007854       0x38 Drivers/STM32L1xx_HAL_Driver/Src/stm32l1xx_hal_tim.o
                0x08007854                HAL_TIM_Base_Init
 .text.HAL_TIM_Base_Start_IT
                0x0800788c       0x18 Drivers/STM32L1xx_HAL_Driver/Src/stm32l1xx_hal_tim.o
                0x0800788c                HAL_TIM_Base_Start_IT
 .text.HAL_TIM_OC_DelayElapsedCallback
                0x080078a4        0x4 Drivers/STM32L1xx_HAL_Driver/Src/stm32l1xx_hal_tim.o
                0x080078a4                HAL_TIM_OC_DelayElapsedCallback
 .text.HAL_TIM_IC_CaptureCallback
                0x080078a8        0x4 Drivers/STM32L1xx_HAL_Driver/Src/stm32l1xx_hal_tim.o
                0x080078a8                HAL_TIM_IC_CaptureCallback
 .text.HAL_TIM_PWM_PulseFinishedCallback
                0x080078ac        0x4 Drivers/STM32L1xx_HAL_Driver/Src/stm32l1xx_hal_tim.o
                0x080078ac                HAL_TIM_PWM_PulseFinishedCallback
 .text.HAL_TIM_TriggerCallback
                0x080078b0        0x4 Drivers/STM32L1xx_HAL_Driver/Src/stm32l1xx_hal_tim.o
                0x080078b0                HAL_TIM_TriggerCallback
 .text.HAL_TIM_IRQHandler
                0x080078b4      0x138 Drivers/STM32L1xx_HAL_Driver/Src/stm32l1xx_hal_tim.o
                0x080078b4                HAL_TIM_IRQHandler
 .text.UART_SetConfig
                0x080079ec      0x314 Drivers/STM32L1xx_HAL_Driver/Src/stm32l1xx_hal_uart.o
 .text.UART_WaitOnFlagUntilTimeout
                0x08007d00       0xd4 Drivers/STM32L1xx_HAL_Driver/Src/stm32l1xx_hal_uart.o
 .text.HAL_UART_Init
                0x08007dd4       0x60 Drivers/STM32L1xx_HAL_Driver/Src/stm32l1xx_hal_uart.o
                0x08007dd4                HAL_UART_Init
 .text.HAL_UART_Transmit
                0x08007e34       0xec Drivers/STM32L1xx_HAL_Driver/Src/stm32l1xx_hal_uart.o
                0x08007e34                HAL_UART_Transmit
 .text.SDIO_Init
                0x08007f20       0x34 Drivers/STM32L1xx_HAL_Driver/Src/stm32l1xx_ll_sdmmc.o
                0x08007f20                SDIO_Init
 .text.SDIO_ReadFIFO
                0x08007f54        0x8 Drivers/STM32L1xx_HAL_Driver/Src/stm32l1xx_ll_sdmmc.o
                0x08007f54                SDIO_ReadFIFO
 .text.SDIO_WriteFIFO
                0x08007f5c        0xc Drivers/STM32L1xx_HAL_Driver/Src/stm32l1xx_ll_sdmmc.o
                0x08007f5c                SDIO_WriteFIFO
 .text.SDIO_PowerState_ON
                0x08007f68        0x8 Drivers/STM32L1xx_HAL_Driver/Src/stm32l1xx_ll_sdmmc.o
                0x08007f68                SDIO_PowerState_ON
 .text.SDIO_GetPowerState
                0x08007f70        0x8 Drivers/STM32L1xx_HAL_Driver/Src/stm32l1xx_ll_sdmmc.o
                0x08007f70                SDIO_GetPowerState
 .text.SDIO_SendCommand
                0x08007f78       0x28 Drivers/STM32L1xx_HAL_Driver/Src/stm32l1xx_ll_sdmmc.o
                0x08007f78                SDIO_SendCommand
 .text.SDIO_GetCommandResponse
                0x08007fa0        0x8 Drivers/STM32L1xx_HAL_Driver/Src/stm32l1xx_ll_sdmmc.o
                0x08007fa0                SDIO_GetCommandResponse
 .text.SDIO_GetResponse
                0x08007fa8       0x18 Drivers/STM32L1xx_HAL_Driver/Src/stm32l1xx_ll_sdmmc.o
                0x08007fa8                SDIO_GetResponse
 .text.SDIO_DataConfig
                0x08007fc0       0x24 Drivers/STM32L1xx_HAL_Driver/Src/stm32l1xx_ll_sdmmc.o
                0x08007fc0                SDIO_DataConfig
 .text.__libc_init_array
                0x08007fe4       0x4c /home/szymon/eclipse/plugins/fr.ac6.mcu.externaltools.arm-none.linux64_1.13.1.201703061524/tools/compiler/bin/../lib/gcc/arm-none-eabi/5.4.1/../../../../arm-none-eabi/lib/armv7-m/libc_nano.a(lib_a-init.o)
                0x08007fe4                __libc_init_array
 .text.memcpy   0x08008030       0x16 /home/szymon/eclipse/plugins/fr.ac6.mcu.externaltools.arm-none.linux64_1.13.1.201703061524/tools/compiler/bin/../lib/gcc/arm-none-eabi/5.4.1/../../../../arm-none-eabi/lib/armv7-m/libc_nano.a(lib_a-memcpy-stub.o)
                0x08008030                memcpy
 .text.memset   0x08008046       0x10 /home/szymon/eclipse/plugins/fr.ac6.mcu.externaltools.arm-none.linux64_1.13.1.201703061524/tools/compiler/bin/../lib/gcc/arm-none-eabi/5.4.1/../../../../arm-none-eabi/lib/armv7-m/libc_nano.a(lib_a-memset.o)
                0x08008046                memset
 *fill*         0x08008056        0x2 
 .text.sprintf  0x08008058       0x48 /home/szymon/eclipse/plugins/fr.ac6.mcu.externaltools.arm-none.linux64_1.13.1.201703061524/tools/compiler/bin/../lib/gcc/arm-none-eabi/5.4.1/../../../../arm-none-eabi/lib/armv7-m/libc_nano.a(lib_a-sprintf.o)
                0x08008058                sprintf
                0x08008058                siprintf
 .text.__ssputs_r
                0x080080a0       0xb2 /home/szymon/eclipse/plugins/fr.ac6.mcu.externaltools.arm-none.linux64_1.13.1.201703061524/tools/compiler/bin/../lib/gcc/arm-none-eabi/5.4.1/../../../../arm-none-eabi/lib/armv7-m/libc_nano.a(lib_a-nano-svfprintf.o)
                0x080080a0                __ssputs_r
 *fill*         0x08008152        0x2 
 .text._svfprintf_r
                0x08008154      0x1e8 /home/szymon/eclipse/plugins/fr.ac6.mcu.externaltools.arm-none.linux64_1.13.1.201703061524/tools/compiler/bin/../lib/gcc/arm-none-eabi/5.4.1/../../../../arm-none-eabi/lib/armv7-m/libc_nano.a(lib_a-nano-svfprintf.o)
                0x08008154                _svfprintf_r
                0x08008154                _svfiprintf_r
 .text._printf_common
                0x0800833c       0xec /home/szymon/eclipse/plugins/fr.ac6.mcu.externaltools.arm-none.linux64_1.13.1.201703061524/tools/compiler/bin/../lib/gcc/arm-none-eabi/5.4.1/../../../../arm-none-eabi/lib/armv7-m/libc_nano.a(lib_a-nano-vfprintf_i.o)
                0x0800833c                _printf_common
 .text._printf_i
                0x08008428      0x24c /home/szymon/eclipse/plugins/fr.ac6.mcu.externaltools.arm-none.linux64_1.13.1.201703061524/tools/compiler/bin/../lib/gcc/arm-none-eabi/5.4.1/../../../../arm-none-eabi/lib/armv7-m/libc_nano.a(lib_a-nano-vfprintf_i.o)
                0x08008428                _printf_i
 .text.memchr   0x08008674       0x1c /home/szymon/eclipse/plugins/fr.ac6.mcu.externaltools.arm-none.linux64_1.13.1.201703061524/tools/compiler/bin/../lib/gcc/arm-none-eabi/5.4.1/../../../../arm-none-eabi/lib/armv7-m/libc_nano.a(lib_a-memchr-stub.o)
                0x08008674                memchr
 .text.memmove  0x08008690       0x36 /home/szymon/eclipse/plugins/fr.ac6.mcu.externaltools.arm-none.linux64_1.13.1.201703061524/tools/compiler/bin/../lib/gcc/arm-none-eabi/5.4.1/../../../../arm-none-eabi/lib/armv7-m/libc_nano.a(lib_a-memmove.o)
                0x08008690                memmove
 *fill*         0x080086c6        0x2 
 .text._free_r  0x080086c8       0x98 /home/szymon/eclipse/plugins/fr.ac6.mcu.externaltools.arm-none.linux64_1.13.1.201703061524/tools/compiler/bin/../lib/gcc/arm-none-eabi/5.4.1/../../../../arm-none-eabi/lib/armv7-m/libc_nano.a(lib_a-nano-freer.o)
                0x080086c8                _free_r
 .text._malloc_r
                0x08008760       0xbc /home/szymon/eclipse/plugins/fr.ac6.mcu.externaltools.arm-none.linux64_1.13.1.201703061524/tools/compiler/bin/../lib/gcc/arm-none-eabi/5.4.1/../../../../arm-none-eabi/lib/armv7-m/libc_nano.a(lib_a-nano-mallocr.o)
                0x08008760                _malloc_r
 .text._realloc_r
                0x0800881c       0x4c /home/szymon/eclipse/plugins/fr.ac6.mcu.externaltools.arm-none.linux64_1.13.1.201703061524/tools/compiler/bin/../lib/gcc/arm-none-eabi/5.4.1/../../../../arm-none-eabi/lib/armv7-m/libc_nano.a(lib_a-nano-reallocr.o)
                0x0800881c                _realloc_r
 .text._sbrk_r  0x08008868       0x20 /home/szymon/eclipse/plugins/fr.ac6.mcu.externaltools.arm-none.linux64_1.13.1.201703061524/tools/compiler/bin/../lib/gcc/arm-none-eabi/5.4.1/../../../../arm-none-eabi/lib/armv7-m/libc_nano.a(lib_a-sbrkr.o)
                0x08008868                _sbrk_r
 .text.__malloc_lock
                0x08008888        0x2 /home/szymon/eclipse/plugins/fr.ac6.mcu.externaltools.arm-none.linux64_1.13.1.201703061524/tools/compiler/bin/../lib/gcc/arm-none-eabi/5.4.1/../../../../arm-none-eabi/lib/armv7-m/libc_nano.a(lib_a-mlock.o)
                0x08008888                __malloc_lock
 .text.__malloc_unlock
                0x0800888a        0x2 /home/szymon/eclipse/plugins/fr.ac6.mcu.externaltools.arm-none.linux64_1.13.1.201703061524/tools/compiler/bin/../lib/gcc/arm-none-eabi/5.4.1/../../../../arm-none-eabi/lib/armv7-m/libc_nano.a(lib_a-mlock.o)
                0x0800888a                __malloc_unlock
 .text._malloc_usable_size_r
                0x0800888c       0x14 /home/szymon/eclipse/plugins/fr.ac6.mcu.externaltools.arm-none.linux64_1.13.1.201703061524/tools/compiler/bin/../lib/gcc/arm-none-eabi/5.4.1/../../../../arm-none-eabi/lib/armv7-m/libc_nano.a(lib_a-nano-msizer.o)
                0x0800888c                _malloc_usable_size_r
 .text._sbrk    0x080088a0       0x1c /home/szymon/eclipse/plugins/fr.ac6.mcu.externaltools.arm-none.linux64_1.13.1.201703061524/tools/compiler/bin/../lib/gcc/arm-none-eabi/5.4.1/../../../../arm-none-eabi/lib/armv7-m/libnosys.a(sbrk.o)
                0x080088a0                _sbrk
 *(.glue_7)
 .glue_7        0x080088bc        0x0 linker stubs
 *(.glue_7t)
 .glue_7t       0x080088bc        0x0 linker stubs
 *(.eh_frame)
 .eh_frame      0x080088bc        0x0 /home/szymon/eclipse/plugins/fr.ac6.mcu.externaltools.arm-none.linux64_1.13.1.201703061524/tools/compiler/bin/../lib/gcc/arm-none-eabi/5.4.1/armv7-m/crtbegin.o
 *(.init)
 .init          0x080088bc        0x4 /home/szymon/eclipse/plugins/fr.ac6.mcu.externaltools.arm-none.linux64_1.13.1.201703061524/tools/compiler/bin/../lib/gcc/arm-none-eabi/5.4.1/armv7-m/crti.o
                0x080088bc                _init
 .init          0x080088c0        0x8 /home/szymon/eclipse/plugins/fr.ac6.mcu.externaltools.arm-none.linux64_1.13.1.201703061524/tools/compiler/bin/../lib/gcc/arm-none-eabi/5.4.1/armv7-m/crtn.o
 *(.fini)
 .fini          0x080088c8        0x4 /home/szymon/eclipse/plugins/fr.ac6.mcu.externaltools.arm-none.linux64_1.13.1.201703061524/tools/compiler/bin/../lib/gcc/arm-none-eabi/5.4.1/armv7-m/crti.o
                0x080088c8                _fini
 .fini          0x080088cc        0x8 /home/szymon/eclipse/plugins/fr.ac6.mcu.externaltools.arm-none.linux64_1.13.1.201703061524/tools/compiler/bin/../lib/gcc/arm-none-eabi/5.4.1/armv7-m/crtn.o
                0x080088d4                . = ALIGN (0x4)
                0x080088d4                _etext = .

.vfp11_veneer   0x080088d4        0x0
 .vfp11_veneer  0x080088d4        0x0 linker stubs

.v4_bx          0x080088d4        0x0
 .v4_bx         0x080088d4        0x0 linker stubs

.iplt           0x080088d4        0x0
 .iplt          0x080088d4        0x0 /home/szymon/eclipse/plugins/fr.ac6.mcu.externaltools.arm-none.linux64_1.13.1.201703061524/tools/compiler/bin/../lib/gcc/arm-none-eabi/5.4.1/armv7-m/crtbegin.o

.rodata         0x080088d4      0x294
                0x080088d4                . = ALIGN (0x4)
 *(.rodata)
 .rodata        0x080088d4       0xb0 Src/main.o
 .rodata        0x08008984       0x24 Src/system_stm32l1xx.o
                0x08008984                PLLMulTable
                0x08008990                AHBPrescTable
                0x080089a0                APBPrescTable
 .rodata        0x080089a8       0xae Middlewares/Third_Party/FatFs/src/ff.o
 *fill*         0x08008a56        0x2 
 .rodata        0x08008a58       0x14 Middlewares/Third_Party/FatFs/src/drivers/sd_diskio.o
                0x08008a58                SD_Driver
 *(.rodata*)
 .rodata.str1.4
                0x08008a6c       0x79 Src/main.o
 *fill*         0x08008ae5        0x3 
 .rodata.str1.4
                0x08008ae8        0x5 Middlewares/Third_Party/FreeRTOS/Source/tasks.o
 *fill*         0x08008aed        0x3 
 .rodata.str1.4
                0x08008af0       0x44 Middlewares/Third_Party/FatFs/src/ff.o
 .rodata.str1.1
                0x08008b34       0x11 /home/szymon/eclipse/plugins/fr.ac6.mcu.externaltools.arm-none.linux64_1.13.1.201703061524/tools/compiler/bin/../lib/gcc/arm-none-eabi/5.4.1/../../../../arm-none-eabi/lib/armv7-m/libc_nano.a(lib_a-nano-svfprintf.o)
 .rodata.str1.1
                0x08008b45       0x22 /home/szymon/eclipse/plugins/fr.ac6.mcu.externaltools.arm-none.linux64_1.13.1.201703061524/tools/compiler/bin/../lib/gcc/arm-none-eabi/5.4.1/../../../../arm-none-eabi/lib/armv7-m/libc_nano.a(lib_a-nano-vfprintf_i.o)
                0x08008b68                . = ALIGN (0x4)
 *fill*         0x08008b67        0x1 

.rel.dyn        0x08008b68        0x0
 .rel.iplt      0x08008b68        0x0 /home/szymon/eclipse/plugins/fr.ac6.mcu.externaltools.arm-none.linux64_1.13.1.201703061524/tools/compiler/bin/../lib/gcc/arm-none-eabi/5.4.1/armv7-m/crtbegin.o

.ARM.extab
 *(.ARM.extab* .gnu.linkonce.armextab.*)

.ARM            0x08008b68        0x0
                0x08008b68                __exidx_start = .
 *(.ARM.exidx*)
                0x08008b68                __exidx_end = .

.preinit_array  0x08008b68        0x0
                0x08008b68                PROVIDE (__preinit_array_start, .)
 *(.preinit_array*)
                0x08008b68                PROVIDE (__preinit_array_end, .)

.init_array     0x08008b68        0x4
                0x08008b68                PROVIDE (__init_array_start, .)
 *(SORT(.init_array.*))
 *(.init_array*)
 .init_array    0x08008b68        0x4 /home/szymon/eclipse/plugins/fr.ac6.mcu.externaltools.arm-none.linux64_1.13.1.201703061524/tools/compiler/bin/../lib/gcc/arm-none-eabi/5.4.1/armv7-m/crtbegin.o
                0x08008b6c                PROVIDE (__init_array_end, .)

.fini_array     0x08008b6c        0x4
                [!provide]                PROVIDE (__fini_array_start, .)
 *(SORT(.fini_array.*))
 *(.fini_array*)
 .fini_array    0x08008b6c        0x4 /home/szymon/eclipse/plugins/fr.ac6.mcu.externaltools.arm-none.linux64_1.13.1.201703061524/tools/compiler/bin/../lib/gcc/arm-none-eabi/5.4.1/armv7-m/crtbegin.o
                [!provide]                PROVIDE (__fini_array_end, .)
                0x08008b70                _sidata = LOADADDR (.data)

.data           0x20000000       0xb8 load address 0x08008b70
                0x20000000                . = ALIGN (0x4)
                0x20000000                _sdata = .
 *(.data)
 .data          0x20000000       0x48 Src/LTC2983.o
                0x20000000                LTC_CS_Pins
                0x2000000c                LTC_CS_Ports
                0x20000024                LTC_RST_Pins
                0x20000030                LTC_RST_Ports
 .data          0x20000048        0x4 Src/system_stm32l1xx.o
                0x20000048                SystemCoreClock
 .data          0x2000004c        0x4 Middlewares/Third_Party/FreeRTOS/Source/portable/GCC/ARM_CM3/port.o
 .data          0x20000050        0x1 Middlewares/Third_Party/FatFs/src/drivers/sd_diskio.o
 *(.data*)
 *fill*         0x20000051        0x3 
 .data.impure_data
                0x20000054       0x60 /home/szymon/eclipse/plugins/fr.ac6.mcu.externaltools.arm-none.linux64_1.13.1.201703061524/tools/compiler/bin/../lib/gcc/arm-none-eabi/5.4.1/../../../../arm-none-eabi/lib/armv7-m/libc_nano.a(lib_a-impure.o)
 .data._impure_ptr
                0x200000b4        0x4 /home/szymon/eclipse/plugins/fr.ac6.mcu.externaltools.arm-none.linux64_1.13.1.201703061524/tools/compiler/bin/../lib/gcc/arm-none-eabi/5.4.1/../../../../arm-none-eabi/lib/armv7-m/libc_nano.a(lib_a-impure.o)
                0x200000b4                _impure_ptr
                0x200000b8                . = ALIGN (0x4)
                0x200000b8                _edata = .

.jcr            0x200000b8        0x0 load address 0x08008c28
 .jcr           0x200000b8        0x0 /home/szymon/eclipse/plugins/fr.ac6.mcu.externaltools.arm-none.linux64_1.13.1.201703061524/tools/compiler/bin/../lib/gcc/arm-none-eabi/5.4.1/armv7-m/crtbegin.o

.igot.plt       0x200000b8        0x0 load address 0x08008c28
 .igot.plt      0x200000b8        0x0 /home/szymon/eclipse/plugins/fr.ac6.mcu.externaltools.arm-none.linux64_1.13.1.201703061524/tools/compiler/bin/../lib/gcc/arm-none-eabi/5.4.1/armv7-m/crtbegin.o
                0x200000b8                . = ALIGN (0x4)

.bss            0x200000b8     0x84ec load address 0x08008c28
                0x200000b8                _sbss = .
                0x200000b8                __bss_start__ = _sbss
 *(.bss)
 .bss           0x200000b8       0x1c /home/szymon/eclipse/plugins/fr.ac6.mcu.externaltools.arm-none.linux64_1.13.1.201703061524/tools/compiler/bin/../lib/gcc/arm-none-eabi/5.4.1/armv7-m/crtbegin.o
 .bss           0x200000d4        0x1 Src/main.o
 *fill*         0x200000d5        0x3 
 .bss           0x200000d8      0x12c Middlewares/Third_Party/FreeRTOS/Source/tasks.o
                0x200001d8                pxCurrentTCB
 .bss           0x20000204     0x6018 Middlewares/Third_Party/FreeRTOS/Source/portable/MemMang/heap_4.o
 .bss           0x2000621c        0x8 Middlewares/Third_Party/FreeRTOS/Source/portable/GCC/ARM_CM3/port.o
 .bss           0x20006224       0x1e Middlewares/Third_Party/FatFs/src/ff.o
 *fill*         0x20006242        0x2 
 .bss           0x20006244        0xc Middlewares/Third_Party/FatFs/src/ff_gen_drv.o
                0x20006244                disk
 *(.bss*)
 .bss.__malloc_sbrk_start
                0x20006250        0x4 /home/szymon/eclipse/plugins/fr.ac6.mcu.externaltools.arm-none.linux64_1.13.1.201703061524/tools/compiler/bin/../lib/gcc/arm-none-eabi/5.4.1/../../../../arm-none-eabi/lib/armv7-m/libc_nano.a(lib_a-nano-mallocr.o)
                0x20006250                __malloc_sbrk_start
 .bss.__malloc_free_list
                0x20006254        0x4 /home/szymon/eclipse/plugins/fr.ac6.mcu.externaltools.arm-none.linux64_1.13.1.201703061524/tools/compiler/bin/../lib/gcc/arm-none-eabi/5.4.1/../../../../arm-none-eabi/lib/armv7-m/libc_nano.a(lib_a-nano-mallocr.o)
                0x20006254                __malloc_free_list
 .bss.heap_end.4167
                0x20006258        0x4 /home/szymon/eclipse/plugins/fr.ac6.mcu.externaltools.arm-none.linux64_1.13.1.201703061524/tools/compiler/bin/../lib/gcc/arm-none-eabi/5.4.1/../../../../arm-none-eabi/lib/armv7-m/libnosys.a(sbrk.o)
 *(COMMON)
 COMMON         0x2000625c        0x8 Src/fatfs.o
                0x2000625c                retSD
                0x20006260                SD_Path
 *fill*         0x20006264        0x4 
 COMMON         0x20006268     0x22bc Src/main.o
                0x20006268                huart3
                0x200062a8                qToHeatingTaskHandle
                0x200062ac                hi2c1
                0x20006300                qToWatchdogTaskHandle
                0x20006308                SDCardInfo
                0x20006360                my_error
                0x20006364                my_file
                0x20007390                huart1
                0x200073d0                WatchdogTaskHandle
                0x200073d4                hsd
                0x20007434                qToSaveTaskHandle
                0x20007438                HeatingTaskHandle
                0x2000743c                hspi1
                0x20007494                SaveTaskHandle
                0x20007498                my_fatfs
                0x200084cc                ControlTaskHandle
                0x200084d0                hadc
 COMMON         0x20008524       0x38 Src/stm32l1xx_hal_timebase_TIM.o
                0x20008524                htim2
 COMMON         0x2000855c       0x40 Middlewares/Third_Party/FreeRTOS/Source/queue.o
                0x2000855c                xQueueRegistry
 COMMON         0x2000859c        0x4 Drivers/STM32L1xx_HAL_Driver/Src/stm32l1xx_hal.o
                0x2000859c                uwTick
 COMMON         0x200085a0        0x4 /home/szymon/eclipse/plugins/fr.ac6.mcu.externaltools.arm-none.linux64_1.13.1.201703061524/tools/compiler/bin/../lib/gcc/arm-none-eabi/5.4.1/../../../../arm-none-eabi/lib/armv7-m/libc_nano.a(lib_a-reent.o)
                0x200085a0                errno
                0x200085a4                . = ALIGN (0x4)
                0x200085a4                _ebss = .
                0x200085a4                __bss_end__ = _ebss

._user_heap_stack
                0x200085a4      0xc04 load address 0x08008c28
                0x200085a8                . = ALIGN (0x8)
 *fill*         0x200085a4        0x4 
                0x200085a8                PROVIDE (end, .)
                [!provide]                PROVIDE (_end, .)
                0x200089a8                . = (. + _Min_Heap_Size)
 *fill*         0x200085a8      0x400 
                0x200091a8                . = (. + _Min_Stack_Size)
 *fill*         0x200089a8      0x800 
                0x200091a8                . = ALIGN (0x8)

/DISCARD/
 libc.a(*)
 libm.a(*)
 libgcc.a(*)

.ARM.attributes
                0x00000000       0x29
 *(.ARM.attributes)
 .ARM.attributes
                0x00000000       0x1d /home/szymon/eclipse/plugins/fr.ac6.mcu.externaltools.arm-none.linux64_1.13.1.201703061524/tools/compiler/bin/../lib/gcc/arm-none-eabi/5.4.1/armv7-m/crti.o
 .ARM.attributes
                0x0000001d       0x2d /home/szymon/eclipse/plugins/fr.ac6.mcu.externaltools.arm-none.linux64_1.13.1.201703061524/tools/compiler/bin/../lib/gcc/arm-none-eabi/5.4.1/armv7-m/crtbegin.o
 .ARM.attributes
                0x0000004a       0x21 startup/startup_stm32l151xd.o
 .ARM.attributes
                0x0000006b       0x33 Src/LTC2983.o
 .ARM.attributes
                0x0000009e       0x33 Src/bsp_driver_sd.o
 .ARM.attributes
                0x000000d1       0x33 Src/fatfs.o
 .ARM.attributes
                0x00000104       0x33 Src/main.o
 .ARM.attributes
                0x00000137       0x33 Src/stm32l1xx_hal_msp.o
 .ARM.attributes
                0x0000016a       0x33 Src/stm32l1xx_hal_timebase_TIM.o
 .ARM.attributes
                0x0000019d       0x33 Src/stm32l1xx_it.o
 .ARM.attributes
                0x000001d0       0x33 Src/system_stm32l1xx.o
 .ARM.attributes
                0x00000203       0x33 Middlewares/Third_Party/FreeRTOS/Source/list.o
 .ARM.attributes
                0x00000236       0x33 Middlewares/Third_Party/FreeRTOS/Source/queue.o
 .ARM.attributes
                0x00000269       0x33 Middlewares/Third_Party/FreeRTOS/Source/tasks.o
 .ARM.attributes
                0x0000029c       0x33 Middlewares/Third_Party/FreeRTOS/Source/portable/MemMang/heap_4.o
 .ARM.attributes
                0x000002cf       0x33 Middlewares/Third_Party/FreeRTOS/Source/portable/GCC/ARM_CM3/port.o
 .ARM.attributes
                0x00000302       0x33 Middlewares/Third_Party/FreeRTOS/Source/CMSIS_RTOS/cmsis_os.o
 .ARM.attributes
                0x00000335       0x33 Middlewares/Third_Party/FatFs/src/option/syscall.o
 .ARM.attributes
                0x00000368       0x33 Middlewares/Third_Party/FatFs/src/diskio.o
 .ARM.attributes
                0x0000039b       0x33 Middlewares/Third_Party/FatFs/src/ff.o
 .ARM.attributes
                0x000003ce       0x33 Middlewares/Third_Party/FatFs/src/ff_gen_drv.o
 .ARM.attributes
                0x00000401       0x33 Middlewares/Third_Party/FatFs/src/drivers/sd_diskio.o
 .ARM.attributes
                0x00000434       0x33 Drivers/STM32L1xx_HAL_Driver/Src/stm32l1xx_hal.o
 .ARM.attributes
                0x00000467       0x33 Drivers/STM32L1xx_HAL_Driver/Src/stm32l1xx_hal_adc.o
 .ARM.attributes
                0x0000049a       0x33 Drivers/STM32L1xx_HAL_Driver/Src/stm32l1xx_hal_cortex.o
 .ARM.attributes
                0x000004cd       0x33 Drivers/STM32L1xx_HAL_Driver/Src/stm32l1xx_hal_gpio.o
 .ARM.attributes
                0x00000500       0x33 Drivers/STM32L1xx_HAL_Driver/Src/stm32l1xx_hal_i2c.o
 .ARM.attributes
                0x00000533       0x33 Drivers/STM32L1xx_HAL_Driver/Src/stm32l1xx_hal_rcc.o
 .ARM.attributes
                0x00000566       0x33 Drivers/STM32L1xx_HAL_Driver/Src/stm32l1xx_hal_sd.o
 .ARM.attributes
                0x00000599       0x33 Drivers/STM32L1xx_HAL_Driver/Src/stm32l1xx_hal_spi.o
 .ARM.attributes
                0x000005cc       0x33 Drivers/STM32L1xx_HAL_Driver/Src/stm32l1xx_hal_spi_ex.o
 .ARM.attributes
                0x000005ff       0x33 Drivers/STM32L1xx_HAL_Driver/Src/stm32l1xx_hal_tim.o
 .ARM.attributes
                0x00000632       0x33 Drivers/STM32L1xx_HAL_Driver/Src/stm32l1xx_hal_uart.o
 .ARM.attributes
                0x00000665       0x33 Drivers/STM32L1xx_HAL_Driver/Src/stm32l1xx_ll_sdmmc.o
 .ARM.attributes
                0x00000698       0x1d /home/szymon/eclipse/plugins/fr.ac6.mcu.externaltools.arm-none.linux64_1.13.1.201703061524/tools/compiler/bin/../lib/gcc/arm-none-eabi/5.4.1/armv7-m/libgcc.a(_arm_addsubsf3.o)
 .ARM.attributes
                0x000006b5       0x1d /home/szymon/eclipse/plugins/fr.ac6.mcu.externaltools.arm-none.linux64_1.13.1.201703061524/tools/compiler/bin/../lib/gcc/arm-none-eabi/5.4.1/armv7-m/libgcc.a(_arm_muldivsf3.o)
 .ARM.attributes
                0x000006d2       0x1d /home/szymon/eclipse/plugins/fr.ac6.mcu.externaltools.arm-none.linux64_1.13.1.201703061524/tools/compiler/bin/../lib/gcc/arm-none-eabi/5.4.1/armv7-m/libgcc.a(_arm_cmpsf2.o)
 .ARM.attributes
                0x000006ef       0x1d /home/szymon/eclipse/plugins/fr.ac6.mcu.externaltools.arm-none.linux64_1.13.1.201703061524/tools/compiler/bin/../lib/gcc/arm-none-eabi/5.4.1/armv7-m/libgcc.a(_arm_fixsfsi.o)
 .ARM.attributes
                0x0000070c       0x1d /home/szymon/eclipse/plugins/fr.ac6.mcu.externaltools.arm-none.linux64_1.13.1.201703061524/tools/compiler/bin/../lib/gcc/arm-none-eabi/5.4.1/armv7-m/libgcc.a(_arm_fixunssfsi.o)
 .ARM.attributes
                0x00000729       0x2d /home/szymon/eclipse/plugins/fr.ac6.mcu.externaltools.arm-none.linux64_1.13.1.201703061524/tools/compiler/bin/../lib/gcc/arm-none-eabi/5.4.1/../../../../arm-none-eabi/lib/armv7-m/libc_nano.a(lib_a-impure.o)
 .ARM.attributes
                0x00000756       0x2d /home/szymon/eclipse/plugins/fr.ac6.mcu.externaltools.arm-none.linux64_1.13.1.201703061524/tools/compiler/bin/../lib/gcc/arm-none-eabi/5.4.1/../../../../arm-none-eabi/lib/armv7-m/libc_nano.a(lib_a-init.o)
 .ARM.attributes
                0x00000783       0x2d /home/szymon/eclipse/plugins/fr.ac6.mcu.externaltools.arm-none.linux64_1.13.1.201703061524/tools/compiler/bin/../lib/gcc/arm-none-eabi/5.4.1/../../../../arm-none-eabi/lib/armv7-m/libc_nano.a(lib_a-memcpy-stub.o)
 .ARM.attributes
                0x000007b0       0x2d /home/szymon/eclipse/plugins/fr.ac6.mcu.externaltools.arm-none.linux64_1.13.1.201703061524/tools/compiler/bin/../lib/gcc/arm-none-eabi/5.4.1/../../../../arm-none-eabi/lib/armv7-m/libc_nano.a(lib_a-memset.o)
 .ARM.attributes
                0x000007dd       0x2d /home/szymon/eclipse/plugins/fr.ac6.mcu.externaltools.arm-none.linux64_1.13.1.201703061524/tools/compiler/bin/../lib/gcc/arm-none-eabi/5.4.1/../../../../arm-none-eabi/lib/armv7-m/libc_nano.a(lib_a-sprintf.o)
 .ARM.attributes
                0x0000080a       0x2d /home/szymon/eclipse/plugins/fr.ac6.mcu.externaltools.arm-none.linux64_1.13.1.201703061524/tools/compiler/bin/../lib/gcc/arm-none-eabi/5.4.1/../../../../arm-none-eabi/lib/armv7-m/libc_nano.a(lib_a-nano-svfprintf.o)
 .ARM.attributes
                0x00000837       0x2d /home/szymon/eclipse/plugins/fr.ac6.mcu.externaltools.arm-none.linux64_1.13.1.201703061524/tools/compiler/bin/../lib/gcc/arm-none-eabi/5.4.1/../../../../arm-none-eabi/lib/armv7-m/libc_nano.a(lib_a-nano-vfprintf_i.o)
 .ARM.attributes
                0x00000864       0x2d /home/szymon/eclipse/plugins/fr.ac6.mcu.externaltools.arm-none.linux64_1.13.1.201703061524/tools/compiler/bin/../lib/gcc/arm-none-eabi/5.4.1/../../../../arm-none-eabi/lib/armv7-m/libc_nano.a(lib_a-memchr-stub.o)
 .ARM.attributes
                0x00000891       0x2d /home/szymon/eclipse/plugins/fr.ac6.mcu.externaltools.arm-none.linux64_1.13.1.201703061524/tools/compiler/bin/../lib/gcc/arm-none-eabi/5.4.1/../../../../arm-none-eabi/lib/armv7-m/libc_nano.a(lib_a-memmove.o)
 .ARM.attributes
                0x000008be       0x2d /home/szymon/eclipse/plugins/fr.ac6.mcu.externaltools.arm-none.linux64_1.13.1.201703061524/tools/compiler/bin/../lib/gcc/arm-none-eabi/5.4.1/../../../../arm-none-eabi/lib/armv7-m/libc_nano.a(lib_a-nano-freer.o)
 .ARM.attributes
                0x000008eb       0x2d /home/szymon/eclipse/plugins/fr.ac6.mcu.externaltools.arm-none.linux64_1.13.1.201703061524/tools/compiler/bin/../lib/gcc/arm-none-eabi/5.4.1/../../../../arm-none-eabi/lib/armv7-m/libc_nano.a(lib_a-nano-mallocr.o)
 .ARM.attributes
                0x00000918       0x2d /home/szymon/eclipse/plugins/fr.ac6.mcu.externaltools.arm-none.linux64_1.13.1.201703061524/tools/compiler/bin/../lib/gcc/arm-none-eabi/5.4.1/../../../../arm-none-eabi/lib/armv7-m/libc_nano.a(lib_a-nano-reallocr.o)
 .ARM.attributes
                0x00000945       0x2d /home/szymon/eclipse/plugins/fr.ac6.mcu.externaltools.arm-none.linux64_1.13.1.201703061524/tools/compiler/bin/../lib/gcc/arm-none-eabi/5.4.1/../../../../arm-none-eabi/lib/armv7-m/libc_nano.a(lib_a-sbrkr.o)
 .ARM.attributes
                0x00000972       0x2d /home/szymon/eclipse/plugins/fr.ac6.mcu.externaltools.arm-none.linux64_1.13.1.201703061524/tools/compiler/bin/../lib/gcc/arm-none-eabi/5.4.1/../../../../arm-none-eabi/lib/armv7-m/libc_nano.a(lib_a-mlock.o)
 .ARM.attributes
                0x0000099f       0x2d /home/szymon/eclipse/plugins/fr.ac6.mcu.externaltools.arm-none.linux64_1.13.1.201703061524/tools/compiler/bin/../lib/gcc/arm-none-eabi/5.4.1/../../../../arm-none-eabi/lib/armv7-m/libc_nano.a(lib_a-nano-msizer.o)
 .ARM.attributes
                0x000009cc       0x2d /home/szymon/eclipse/plugins/fr.ac6.mcu.externaltools.arm-none.linux64_1.13.1.201703061524/tools/compiler/bin/../lib/gcc/arm-none-eabi/5.4.1/../../../../arm-none-eabi/lib/armv7-m/libc_nano.a(lib_a-reent.o)
 .ARM.attributes
                0x000009f9       0x2d /home/szymon/eclipse/plugins/fr.ac6.mcu.externaltools.arm-none.linux64_1.13.1.201703061524/tools/compiler/bin/../lib/gcc/arm-none-eabi/5.4.1/../../../../arm-none-eabi/lib/armv7-m/libnosys.a(sbrk.o)
 .ARM.attributes
                0x00000a26       0x1d /home/szymon/eclipse/plugins/fr.ac6.mcu.externaltools.arm-none.linux64_1.13.1.201703061524/tools/compiler/bin/../lib/gcc/arm-none-eabi/5.4.1/armv7-m/crtn.o
OUTPUT(HAB_Cells.elf elf32-littlearm)

.debug_line     0x00000000    0x16bdd
 .debug_line    0x00000000       0x7d startup/startup_stm32l151xd.o
 .debug_line    0x0000007d      0xb17 Src/LTC2983.o
 .debug_line    0x00000b94      0x8fb Src/bsp_driver_sd.o
 .debug_line    0x0000148f      0xa96 Src/fatfs.o
 .debug_line    0x00001f25      0xda3 Src/main.o
 .debug_line    0x00002cc8      0x8db Src/stm32l1xx_hal_msp.o
 .debug_line    0x000035a3      0x812 Src/stm32l1xx_hal_timebase_TIM.o
 .debug_line    0x00003db5      0xa20 Src/stm32l1xx_it.o
 .debug_line    0x000047d5      0x805 Src/system_stm32l1xx.o
 .debug_line    0x00004fda      0x540 Middlewares/Third_Party/FreeRTOS/Source/list.o
 .debug_line    0x0000551a      0xa58 Middlewares/Third_Party/FreeRTOS/Source/queue.o
 .debug_line    0x00005f72      0xd9f Middlewares/Third_Party/FreeRTOS/Source/tasks.o
 .debug_line    0x00006d11      0x5fb Middlewares/Third_Party/FreeRTOS/Source/portable/MemMang/heap_4.o
 .debug_line    0x0000730c      0x59e Middlewares/Third_Party/FreeRTOS/Source/portable/GCC/ARM_CM3/port.o
 .debug_line    0x000078aa      0xb5c Middlewares/Third_Party/FreeRTOS/Source/CMSIS_RTOS/cmsis_os.o
 .debug_line    0x00008406      0xa7a Middlewares/Third_Party/FatFs/src/option/syscall.o
 .debug_line    0x00008e80      0xa61 Middlewares/Third_Party/FatFs/src/diskio.o
 .debug_line    0x000098e1     0x1963 Middlewares/Third_Party/FatFs/src/ff.o
 .debug_line    0x0000b244      0xa6a Middlewares/Third_Party/FatFs/src/ff_gen_drv.o
 .debug_line    0x0000bcae      0xae4 Middlewares/Third_Party/FatFs/src/drivers/sd_diskio.o
 .debug_line    0x0000c792      0x938 Drivers/STM32L1xx_HAL_Driver/Src/stm32l1xx_hal.o
 .debug_line    0x0000d0ca      0xc5d Drivers/STM32L1xx_HAL_Driver/Src/stm32l1xx_hal_adc.o
 .debug_line    0x0000dd27      0x9e4 Drivers/STM32L1xx_HAL_Driver/Src/stm32l1xx_hal_cortex.o
 .debug_line    0x0000e70b      0x940 Drivers/STM32L1xx_HAL_Driver/Src/stm32l1xx_hal_gpio.o
 .debug_line    0x0000f04b     0x181a Drivers/STM32L1xx_HAL_Driver/Src/stm32l1xx_hal_i2c.o
 .debug_line    0x00010865      0xded Drivers/STM32L1xx_HAL_Driver/Src/stm32l1xx_hal_rcc.o
 .debug_line    0x00011652     0x10b3 Drivers/STM32L1xx_HAL_Driver/Src/stm32l1xx_hal_sd.o
 .debug_line    0x00012705     0x100b Drivers/STM32L1xx_HAL_Driver/Src/stm32l1xx_hal_spi.o
 .debug_line    0x00013710      0x812 Drivers/STM32L1xx_HAL_Driver/Src/stm32l1xx_hal_spi_ex.o
 .debug_line    0x00013f22     0x1584 Drivers/STM32L1xx_HAL_Driver/Src/stm32l1xx_hal_tim.o
 .debug_line    0x000154a6      0xe44 Drivers/STM32L1xx_HAL_Driver/Src/stm32l1xx_hal_uart.o
 .debug_line    0x000162ea      0x8f3 Drivers/STM32L1xx_HAL_Driver/Src/stm32l1xx_ll_sdmmc.o

.debug_info     0x00000000    0x21ced
 .debug_info    0x00000000       0x68 startup/startup_stm32l151xd.o
 .debug_info    0x00000068      0xdf5 Src/LTC2983.o
 .debug_info    0x00000e5d      0xe59 Src/bsp_driver_sd.o
 .debug_info    0x00001cb6      0x289 Src/fatfs.o
 .debug_info    0x00001f3f     0x2f29 Src/main.o
 .debug_info    0x00004e68     0x1742 Src/stm32l1xx_hal_msp.o
 .debug_info    0x000065aa      0x992 Src/stm32l1xx_hal_timebase_TIM.o
 .debug_info    0x00006f3c      0x5f0 Src/stm32l1xx_it.o
 .debug_info    0x0000752c      0x446 Src/system_stm32l1xx.o
 .debug_info    0x00007972      0x2a5 Middlewares/Third_Party/FreeRTOS/Source/list.o
 .debug_info    0x00007c17     0x1769 Middlewares/Third_Party/FreeRTOS/Source/queue.o
 .debug_info    0x00009380     0x2117 Middlewares/Third_Party/FreeRTOS/Source/tasks.o
 .debug_info    0x0000b497      0x445 Middlewares/Third_Party/FreeRTOS/Source/portable/MemMang/heap_4.o
 .debug_info    0x0000b8dc      0x4cd Middlewares/Third_Party/FreeRTOS/Source/portable/GCC/ARM_CM3/port.o
 .debug_info    0x0000bda9     0x1aff Middlewares/Third_Party/FreeRTOS/Source/CMSIS_RTOS/cmsis_os.o
 .debug_info    0x0000d8a8      0x2e7 Middlewares/Third_Party/FatFs/src/option/syscall.o
 .debug_info    0x0000db8f      0x466 Middlewares/Third_Party/FatFs/src/diskio.o
 .debug_info    0x0000dff5     0x3a9a Middlewares/Third_Party/FatFs/src/ff.o
 .debug_info    0x00011a8f      0x3eb Middlewares/Third_Party/FatFs/src/ff_gen_drv.o
 .debug_info    0x00011e7a      0x75f Middlewares/Third_Party/FatFs/src/drivers/sd_diskio.o
 .debug_info    0x000125d9      0x645 Drivers/STM32L1xx_HAL_Driver/Src/stm32l1xx_hal.o
 .debug_info    0x00012c1e      0xff4 Drivers/STM32L1xx_HAL_Driver/Src/stm32l1xx_hal_adc.o
 .debug_info    0x00013c12      0xe7c Drivers/STM32L1xx_HAL_Driver/Src/stm32l1xx_hal_cortex.o
 .debug_info    0x00014a8e      0x608 Drivers/STM32L1xx_HAL_Driver/Src/stm32l1xx_hal_gpio.o
 .debug_info    0x00015096     0x2d2d Drivers/STM32L1xx_HAL_Driver/Src/stm32l1xx_hal_i2c.o
 .debug_info    0x00017dc3     0x16ba Drivers/STM32L1xx_HAL_Driver/Src/stm32l1xx_hal_rcc.o
 .debug_info    0x0001947d     0x284a Drivers/STM32L1xx_HAL_Driver/Src/stm32l1xx_hal_sd.o
 .debug_info    0x0001bcc7     0x158e Drivers/STM32L1xx_HAL_Driver/Src/stm32l1xx_hal_spi.o
 .debug_info    0x0001d255      0x5d8 Drivers/STM32L1xx_HAL_Driver/Src/stm32l1xx_hal_spi_ex.o
 .debug_info    0x0001d82d     0x2d0d Drivers/STM32L1xx_HAL_Driver/Src/stm32l1xx_hal_tim.o
 .debug_info    0x0002053a     0x11a2 Drivers/STM32L1xx_HAL_Driver/Src/stm32l1xx_hal_uart.o
 .debug_info    0x000216dc      0x611 Drivers/STM32L1xx_HAL_Driver/Src/stm32l1xx_ll_sdmmc.o

.debug_abbrev   0x00000000     0x3fd7
 .debug_abbrev  0x00000000       0x12 startup/startup_stm32l151xd.o
 .debug_abbrev  0x00000012      0x25d Src/LTC2983.o
 .debug_abbrev  0x0000026f      0x26f Src/bsp_driver_sd.o
 .debug_abbrev  0x000004de      0x13f Src/fatfs.o
 .debug_abbrev  0x0000061d      0x41f Src/main.o
 .debug_abbrev  0x00000a3c      0x1dd Src/stm32l1xx_hal_msp.o
 .debug_abbrev  0x00000c19      0x1c5 Src/stm32l1xx_hal_timebase_TIM.o
 .debug_abbrev  0x00000dde      0x179 Src/stm32l1xx_it.o
 .debug_abbrev  0x00000f57      0x104 Src/system_stm32l1xx.o
 .debug_abbrev  0x0000105b       0xdf Middlewares/Third_Party/FreeRTOS/Source/list.o
 .debug_abbrev  0x0000113a      0x297 Middlewares/Third_Party/FreeRTOS/Source/queue.o
 .debug_abbrev  0x000013d1      0x309 Middlewares/Third_Party/FreeRTOS/Source/tasks.o
 .debug_abbrev  0x000016da      0x20d Middlewares/Third_Party/FreeRTOS/Source/portable/MemMang/heap_4.o
 .debug_abbrev  0x000018e7      0x254 Middlewares/Third_Party/FreeRTOS/Source/portable/GCC/ARM_CM3/port.o
 .debug_abbrev  0x00001b3b      0x2fe Middlewares/Third_Party/FreeRTOS/Source/CMSIS_RTOS/cmsis_os.o
 .debug_abbrev  0x00001e39      0x14f Middlewares/Third_Party/FatFs/src/option/syscall.o
 .debug_abbrev  0x00001f88      0x196 Middlewares/Third_Party/FatFs/src/diskio.o
 .debug_abbrev  0x0000211e      0x297 Middlewares/Third_Party/FatFs/src/ff.o
 .debug_abbrev  0x000023b5      0x179 Middlewares/Third_Party/FatFs/src/ff_gen_drv.o
 .debug_abbrev  0x0000252e      0x15a Middlewares/Third_Party/FatFs/src/drivers/sd_diskio.o
 .debug_abbrev  0x00002688      0x1c1 Drivers/STM32L1xx_HAL_Driver/Src/stm32l1xx_hal.o
 .debug_abbrev  0x00002849      0x269 Drivers/STM32L1xx_HAL_Driver/Src/stm32l1xx_hal_adc.o
 .debug_abbrev  0x00002ab2      0x2e2 Drivers/STM32L1xx_HAL_Driver/Src/stm32l1xx_hal_cortex.o
 .debug_abbrev  0x00002d94      0x1cd Drivers/STM32L1xx_HAL_Driver/Src/stm32l1xx_hal_gpio.o
 .debug_abbrev  0x00002f61      0x226 Drivers/STM32L1xx_HAL_Driver/Src/stm32l1xx_hal_i2c.o
 .debug_abbrev  0x00003187      0x290 Drivers/STM32L1xx_HAL_Driver/Src/stm32l1xx_hal_rcc.o
 .debug_abbrev  0x00003417      0x269 Drivers/STM32L1xx_HAL_Driver/Src/stm32l1xx_hal_sd.o
 .debug_abbrev  0x00003680      0x253 Drivers/STM32L1xx_HAL_Driver/Src/stm32l1xx_hal_spi.o
 .debug_abbrev  0x000038d3      0x14f Drivers/STM32L1xx_HAL_Driver/Src/stm32l1xx_hal_spi_ex.o
 .debug_abbrev  0x00003a22      0x20c Drivers/STM32L1xx_HAL_Driver/Src/stm32l1xx_hal_tim.o
 .debug_abbrev  0x00003c2e      0x228 Drivers/STM32L1xx_HAL_Driver/Src/stm32l1xx_hal_uart.o
 .debug_abbrev  0x00003e56      0x181 Drivers/STM32L1xx_HAL_Driver/Src/stm32l1xx_ll_sdmmc.o

.debug_aranges  0x00000000     0x1910
 .debug_aranges
                0x00000000       0x28 startup/startup_stm32l151xd.o
 .debug_aranges
                0x00000028       0x68 Src/LTC2983.o
 .debug_aranges
                0x00000090       0x90 Src/bsp_driver_sd.o
 .debug_aranges
                0x00000120       0x28 Src/fatfs.o
 .debug_aranges
                0x00000148       0xa0 Src/main.o
 .debug_aranges
                0x000001e8       0x70 Src/stm32l1xx_hal_msp.o
 .debug_aranges
                0x00000258       0x30 Src/stm32l1xx_hal_timebase_TIM.o
 .debug_aranges
                0x00000288       0x58 Src/stm32l1xx_it.o
 .debug_aranges
                0x000002e0       0x28 Src/system_stm32l1xx.o
 .debug_aranges
                0x00000308       0x40 Middlewares/Third_Party/FreeRTOS/Source/list.o
 .debug_aranges
                0x00000348       0xe0 Middlewares/Third_Party/FreeRTOS/Source/queue.o
 .debug_aranges
                0x00000428      0x190 Middlewares/Third_Party/FreeRTOS/Source/tasks.o
 .debug_aranges
                0x000005b8       0x50 Middlewares/Third_Party/FreeRTOS/Source/portable/MemMang/heap_4.o
 .debug_aranges
                0x00000608       0x78 Middlewares/Third_Party/FreeRTOS/Source/portable/GCC/ARM_CM3/port.o
 .debug_aranges
                0x00000680      0x1d8 Middlewares/Third_Party/FreeRTOS/Source/CMSIS_RTOS/cmsis_os.o
 .debug_aranges
                0x00000858       0x38 Middlewares/Third_Party/FatFs/src/option/syscall.o
 .debug_aranges
                0x00000890       0x48 Middlewares/Third_Party/FatFs/src/diskio.o
 .debug_aranges
                0x000008d8      0x1f8 Middlewares/Third_Party/FatFs/src/ff.o
 .debug_aranges
                0x00000ad0       0x40 Middlewares/Third_Party/FatFs/src/ff_gen_drv.o
 .debug_aranges
                0x00000b10       0x40 Middlewares/Third_Party/FatFs/src/drivers/sd_diskio.o
 .debug_aranges
                0x00000b50       0xb0 Drivers/STM32L1xx_HAL_Driver/Src/stm32l1xx_hal.o
 .debug_aranges
                0x00000c00       0xf0 Drivers/STM32L1xx_HAL_Driver/Src/stm32l1xx_hal_adc.o
 .debug_aranges
                0x00000cf0       0xa8 Drivers/STM32L1xx_HAL_Driver/Src/stm32l1xx_hal_cortex.o
 .debug_aranges
                0x00000d98       0x58 Drivers/STM32L1xx_HAL_Driver/Src/stm32l1xx_hal_gpio.o
 .debug_aranges
                0x00000df0      0x268 Drivers/STM32L1xx_HAL_Driver/Src/stm32l1xx_hal_i2c.o
 .debug_aranges
                0x00001058       0x90 Drivers/STM32L1xx_HAL_Driver/Src/stm32l1xx_hal_rcc.o
 .debug_aranges
                0x000010e8      0x180 Drivers/STM32L1xx_HAL_Driver/Src/stm32l1xx_hal_sd.o
 .debug_aranges
                0x00001268      0x150 Drivers/STM32L1xx_HAL_Driver/Src/stm32l1xx_hal_spi.o
 .debug_aranges
                0x000013b8       0x20 Drivers/STM32L1xx_HAL_Driver/Src/stm32l1xx_hal_spi_ex.o
 .debug_aranges
                0x000013d8      0x368 Drivers/STM32L1xx_HAL_Driver/Src/stm32l1xx_hal_tim.o
 .debug_aranges
                0x00001740      0x150 Drivers/STM32L1xx_HAL_Driver/Src/stm32l1xx_hal_uart.o
 .debug_aranges
                0x00001890       0x80 Drivers/STM32L1xx_HAL_Driver/Src/stm32l1xx_ll_sdmmc.o

.debug_ranges   0x00000000     0x17c8
 .debug_ranges  0x00000000       0x20 startup/startup_stm32l151xd.o
 .debug_ranges  0x00000020       0x58 Src/LTC2983.o
 .debug_ranges  0x00000078       0x80 Src/bsp_driver_sd.o
 .debug_ranges  0x000000f8       0x18 Src/fatfs.o
 .debug_ranges  0x00000110       0xa8 Src/main.o
 .debug_ranges  0x000001b8       0x60 Src/stm32l1xx_hal_msp.o
 .debug_ranges  0x00000218       0x20 Src/stm32l1xx_hal_timebase_TIM.o
 .debug_ranges  0x00000238       0x48 Src/stm32l1xx_it.o
 .debug_ranges  0x00000280       0x18 Src/system_stm32l1xx.o
 .debug_ranges  0x00000298       0x30 Middlewares/Third_Party/FreeRTOS/Source/list.o
 .debug_ranges  0x000002c8      0x118 Middlewares/Third_Party/FreeRTOS/Source/queue.o
 .debug_ranges  0x000003e0      0x1b8 Middlewares/Third_Party/FreeRTOS/Source/tasks.o
 .debug_ranges  0x00000598       0x40 Middlewares/Third_Party/FreeRTOS/Source/portable/MemMang/heap_4.o
 .debug_ranges  0x000005d8       0x68 Middlewares/Third_Party/FreeRTOS/Source/portable/GCC/ARM_CM3/port.o
 .debug_ranges  0x00000640      0x1c8 Middlewares/Third_Party/FreeRTOS/Source/CMSIS_RTOS/cmsis_os.o
 .debug_ranges  0x00000808       0x28 Middlewares/Third_Party/FatFs/src/option/syscall.o
 .debug_ranges  0x00000830       0x38 Middlewares/Third_Party/FatFs/src/diskio.o
 .debug_ranges  0x00000868      0x1e8 Middlewares/Third_Party/FatFs/src/ff.o
 .debug_ranges  0x00000a50       0x30 Middlewares/Third_Party/FatFs/src/ff_gen_drv.o
 .debug_ranges  0x00000a80       0x30 Middlewares/Third_Party/FatFs/src/drivers/sd_diskio.o
 .debug_ranges  0x00000ab0       0xa0 Drivers/STM32L1xx_HAL_Driver/Src/stm32l1xx_hal.o
 .debug_ranges  0x00000b50       0xe0 Drivers/STM32L1xx_HAL_Driver/Src/stm32l1xx_hal_adc.o
 .debug_ranges  0x00000c30       0x98 Drivers/STM32L1xx_HAL_Driver/Src/stm32l1xx_hal_cortex.o
 .debug_ranges  0x00000cc8       0x48 Drivers/STM32L1xx_HAL_Driver/Src/stm32l1xx_hal_gpio.o
 .debug_ranges  0x00000d10      0x258 Drivers/STM32L1xx_HAL_Driver/Src/stm32l1xx_hal_i2c.o
 .debug_ranges  0x00000f68       0x98 Drivers/STM32L1xx_HAL_Driver/Src/stm32l1xx_hal_rcc.o
 .debug_ranges  0x00001000      0x170 Drivers/STM32L1xx_HAL_Driver/Src/stm32l1xx_hal_sd.o
 .debug_ranges  0x00001170      0x140 Drivers/STM32L1xx_HAL_Driver/Src/stm32l1xx_hal_spi.o
 .debug_ranges  0x000012b0       0x10 Drivers/STM32L1xx_HAL_Driver/Src/stm32l1xx_hal_spi_ex.o
 .debug_ranges  0x000012c0      0x358 Drivers/STM32L1xx_HAL_Driver/Src/stm32l1xx_hal_tim.o
 .debug_ranges  0x00001618      0x140 Drivers/STM32L1xx_HAL_Driver/Src/stm32l1xx_hal_uart.o
 .debug_ranges  0x00001758       0x70 Drivers/STM32L1xx_HAL_Driver/Src/stm32l1xx_ll_sdmmc.o

.debug_loc      0x00000000    0x145f1
 .debug_loc     0x00000000      0x4ae Src/LTC2983.o
 .debug_loc     0x000004ae      0x341 Src/bsp_driver_sd.o
 .debug_loc     0x000007ef      0x2b0 Src/main.o
 .debug_loc     0x00000a9f      0x1a8 Src/stm32l1xx_hal_msp.o
 .debug_loc     0x00000c47       0x79 Src/stm32l1xx_hal_timebase_TIM.o
 .debug_loc     0x00000cc0      0x16b Src/system_stm32l1xx.o
 .debug_loc     0x00000e2b       0x65 Middlewares/Third_Party/FreeRTOS/Source/list.o
 .debug_loc     0x00000e90      0xdd3 Middlewares/Third_Party/FreeRTOS/Source/queue.o
 .debug_loc     0x00001c63     0x1222 Middlewares/Third_Party/FreeRTOS/Source/tasks.o
 .debug_loc     0x00002e85      0x282 Middlewares/Third_Party/FreeRTOS/Source/portable/MemMang/heap_4.o
 .debug_loc     0x00003107       0xce Middlewares/Third_Party/FreeRTOS/Source/portable/GCC/ARM_CM3/port.o
 .debug_loc     0x000031d5      0xf68 Middlewares/Third_Party/FreeRTOS/Source/CMSIS_RTOS/cmsis_os.o
 .debug_loc     0x0000413d       0xe8 Middlewares/Third_Party/FatFs/src/option/syscall.o
 .debug_loc     0x00004225      0x1fc Middlewares/Third_Party/FatFs/src/diskio.o
 .debug_loc     0x00004421     0x43e0 Middlewares/Third_Party/FatFs/src/ff.o
 .debug_loc     0x00008801      0x24d Middlewares/Third_Party/FatFs/src/ff_gen_drv.o
 .debug_loc     0x00008a4e      0x30a Middlewares/Third_Party/FatFs/src/drivers/sd_diskio.o
 .debug_loc     0x00008d58       0x6a Drivers/STM32L1xx_HAL_Driver/Src/stm32l1xx_hal.o
 .debug_loc     0x00008dc2      0x875 Drivers/STM32L1xx_HAL_Driver/Src/stm32l1xx_hal_adc.o
 .debug_loc     0x00009637      0x548 Drivers/STM32L1xx_HAL_Driver/Src/stm32l1xx_hal_cortex.o
 .debug_loc     0x00009b7f      0x315 Drivers/STM32L1xx_HAL_Driver/Src/stm32l1xx_hal_gpio.o
 .debug_loc     0x00009e94     0x2917 Drivers/STM32L1xx_HAL_Driver/Src/stm32l1xx_hal_i2c.o
 .debug_loc     0x0000c7ab      0xbfb Drivers/STM32L1xx_HAL_Driver/Src/stm32l1xx_hal_rcc.o
 .debug_loc     0x0000d3a6     0x1f0b Drivers/STM32L1xx_HAL_Driver/Src/stm32l1xx_hal_sd.o
 .debug_loc     0x0000f2b1     0x1086 Drivers/STM32L1xx_HAL_Driver/Src/stm32l1xx_hal_spi.o
 .debug_loc     0x00010337       0x37 Drivers/STM32L1xx_HAL_Driver/Src/stm32l1xx_hal_spi_ex.o
 .debug_loc     0x0001036e     0x3051 Drivers/STM32L1xx_HAL_Driver/Src/stm32l1xx_hal_tim.o
 .debug_loc     0x000133bf     0x1009 Drivers/STM32L1xx_HAL_Driver/Src/stm32l1xx_hal_uart.o
 .debug_loc     0x000143c8      0x229 Drivers/STM32L1xx_HAL_Driver/Src/stm32l1xx_ll_sdmmc.o

.debug_macro    0x00000000    0x1e8ff
 .debug_macro   0x00000000      0x417 Src/LTC2983.o
 .debug_macro   0x00000417      0x88c Src/LTC2983.o
 .debug_macro   0x00000ca3      0x56f Src/LTC2983.o
 .debug_macro   0x00001212      0x185 Src/LTC2983.o
 .debug_macro   0x00001397       0xa0 Src/LTC2983.o
 .debug_macro   0x00001437       0x2e Src/LTC2983.o
 .debug_macro   0x00001465       0x22 Src/LTC2983.o
 .debug_macro   0x00001487       0x22 Src/LTC2983.o
 .debug_macro   0x000014a9       0x87 Src/LTC2983.o
 .debug_macro   0x00001530       0x44 Src/LTC2983.o
 .debug_macro   0x00001574       0xfd Src/LTC2983.o
 .debug_macro   0x00001671       0x5e Src/LTC2983.o
 .debug_macro   0x000016cf      0x1df Src/LTC2983.o
 .debug_macro   0x000018ae       0x34 Src/LTC2983.o
 .debug_macro   0x000018e2       0x34 Src/LTC2983.o
 .debug_macro   0x00001916      0xcb4 Src/LTC2983.o
 .debug_macro   0x000025ca     0xc9b4 Src/LTC2983.o
 .debug_macro   0x0000ef7e       0x43 Src/LTC2983.o
 .debug_macro   0x0000efc1     0x347f Src/LTC2983.o
 .debug_macro   0x00012440       0x52 Src/LTC2983.o
 .debug_macro   0x00012492       0x35 Src/LTC2983.o
 .debug_macro   0x000124c7       0x9c Src/LTC2983.o
 .debug_macro   0x00012563       0x16 Src/LTC2983.o
 .debug_macro   0x00012579       0x97 Src/LTC2983.o
 .debug_macro   0x00012610      0x30d Src/LTC2983.o
 .debug_macro   0x0001291d       0xfd Src/LTC2983.o
 .debug_macro   0x00012a1a       0x10 Src/LTC2983.o
 .debug_macro   0x00012a2a       0x52 Src/LTC2983.o
 .debug_macro   0x00012a7c       0x1f Src/LTC2983.o
 .debug_macro   0x00012a9b       0x43 Src/LTC2983.o
 .debug_macro   0x00012ade       0x20 Src/LTC2983.o
 .debug_macro   0x00012afe      0x187 Src/LTC2983.o
 .debug_macro   0x00012c85       0x10 Src/LTC2983.o
 .debug_macro   0x00012c95       0x1c Src/LTC2983.o
 .debug_macro   0x00012cb1       0x52 Src/LTC2983.o
 .debug_macro   0x00012d03       0x40 Src/LTC2983.o
 .debug_macro   0x00012d43       0x10 Src/LTC2983.o
 .debug_macro   0x00012d53       0x40 Src/LTC2983.o
 .debug_macro   0x00012d93       0xd7 Src/LTC2983.o
 .debug_macro   0x00012e6a       0x16 Src/LTC2983.o
 .debug_macro   0x00012e80      0x18b Src/LTC2983.o
 .debug_macro   0x0001300b       0x50 Src/LTC2983.o
 .debug_macro   0x0001305b      0xe3f Src/LTC2983.o
 .debug_macro   0x00013e9a      0x38d Src/LTC2983.o
 .debug_macro   0x00014227      0x141 Src/LTC2983.o
 .debug_macro   0x00014368       0xcd Src/LTC2983.o
 .debug_macro   0x00014435      0x25d Src/LTC2983.o
 .debug_macro   0x00014692      0x23c Src/LTC2983.o
 .debug_macro   0x000148ce      0x68c Src/LTC2983.o
 .debug_macro   0x00014f5a      0x16f Src/LTC2983.o
 .debug_macro   0x000150c9      0x115 Src/LTC2983.o
 .debug_macro   0x000151de      0x486 Src/LTC2983.o
 .debug_macro   0x00015664      0x225 Src/LTC2983.o
 .debug_macro   0x00015889      0x1ef Src/LTC2983.o
 .debug_macro   0x00015a78       0x22 Src/LTC2983.o
 .debug_macro   0x00015a9a      0x48d Src/LTC2983.o
 .debug_macro   0x00015f27      0x22b Src/LTC2983.o
 .debug_macro   0x00016152      0x1ed Src/LTC2983.o
 .debug_macro   0x0001633f       0x1c Src/LTC2983.o
 .debug_macro   0x0001635b      0x757 Src/LTC2983.o
 .debug_macro   0x00016ab2       0xad Src/LTC2983.o
 .debug_macro   0x00016b5f      0x287 Src/LTC2983.o
 .debug_macro   0x00016de6      0x47f Src/LTC2983.o
 .debug_macro   0x00017265       0xd8 Src/LTC2983.o
 .debug_macro   0x0001733d      0x168 Src/LTC2983.o
 .debug_macro   0x000174a5       0xe4 Src/LTC2983.o
 .debug_macro   0x00017589       0x10 Src/LTC2983.o
 .debug_macro   0x00017599       0x1f Src/LTC2983.o
 .debug_macro   0x000175b8      0x40f Src/LTC2983.o
 .debug_macro   0x000179c7       0xc0 Src/LTC2983.o
 .debug_macro   0x00017a87       0x8c Src/LTC2983.o
 .debug_macro   0x00017b13       0x91 Src/LTC2983.o
 .debug_macro   0x00017ba4       0x94 Src/LTC2983.o
 .debug_macro   0x00017c38       0x63 Src/LTC2983.o
 .debug_macro   0x00017c9b       0x19 Src/LTC2983.o
 .debug_macro   0x00017cb4       0xcf Src/LTC2983.o
 .debug_macro   0x00017d83       0x16 Src/LTC2983.o
 .debug_macro   0x00017d99       0x35 Src/LTC2983.o
 .debug_macro   0x00017dce      0x33a Src/bsp_driver_sd.o
 .debug_macro   0x00018108       0x28 Src/bsp_driver_sd.o
 .debug_macro   0x00018130      0x43b Src/fatfs.o
 .debug_macro   0x0001856b       0x2e Src/fatfs.o
 .debug_macro   0x00018599       0xda Src/fatfs.o
 .debug_macro   0x00018673       0xee Src/fatfs.o
 .debug_macro   0x00018761       0x8e Src/fatfs.o
 .debug_macro   0x000187ef      0x4c7 Src/main.o
 .debug_macro   0x00018cb6       0x12 Src/main.o
 .debug_macro   0x00018cc8      0x1e1 Src/main.o
 .debug_macro   0x00018ea9       0xe4 Src/main.o
 .debug_macro   0x00018f8d      0x32b Src/stm32l1xx_hal_msp.o
 .debug_macro   0x000192b8      0x32b Src/stm32l1xx_hal_timebase_TIM.o
 .debug_macro   0x000195e3      0x3e9 Src/stm32l1xx_it.o